Archive member included to satisfy reference by file (symbol)

/usr/lib/gcc/arm-none-eabi/9.2.1/thumb/v6-m/nofp/libgcc.a(_dvmd_tls.o)
                              CMakeFiles/project.dir/home/wallidamriou/pico/pico-sdk/src/rp2_common/pico_divider/divider.S.obj (__aeabi_idiv0)
/usr/lib/gcc/arm-none-eabi/9.2.1/../../../arm-none-eabi/lib/thumb/v6-m/nofp/libg.a(lib_a-atexit.o)
                              /usr/lib/gcc/arm-none-eabi/9.2.1/../../../arm-none-eabi/lib/thumb/v6-m/nofp/crt0.o (atexit)
/usr/lib/gcc/arm-none-eabi/9.2.1/../../../arm-none-eabi/lib/thumb/v6-m/nofp/libg.a(lib_a-calloc.o)
                              CMakeFiles/project.dir/home/wallidamriou/pico/pico-sdk/src/rp2_common/pico_malloc/pico_malloc.c.obj (calloc)
/usr/lib/gcc/arm-none-eabi/9.2.1/../../../arm-none-eabi/lib/thumb/v6-m/nofp/libg.a(lib_a-callocr.o)
                              /usr/lib/gcc/arm-none-eabi/9.2.1/../../../arm-none-eabi/lib/thumb/v6-m/nofp/libg.a(lib_a-calloc.o) (_calloc_r)
/usr/lib/gcc/arm-none-eabi/9.2.1/../../../arm-none-eabi/lib/thumb/v6-m/nofp/libg.a(lib_a-ctype_.o)
                              CMakeFiles/project.dir/home/wallidamriou/pico/pico-sdk/lib/tinyusb/src/tusb.c.obj (_ctype_)
/usr/lib/gcc/arm-none-eabi/9.2.1/../../../arm-none-eabi/lib/thumb/v6-m/nofp/libg.a(lib_a-fini.o)
                              /usr/lib/gcc/arm-none-eabi/9.2.1/../../../arm-none-eabi/lib/thumb/v6-m/nofp/crt0.o (__libc_fini_array)
/usr/lib/gcc/arm-none-eabi/9.2.1/../../../arm-none-eabi/lib/thumb/v6-m/nofp/libg.a(lib_a-impure.o)
                              /usr/lib/gcc/arm-none-eabi/9.2.1/../../../arm-none-eabi/lib/thumb/v6-m/nofp/libg.a(lib_a-calloc.o) (_impure_ptr)
/usr/lib/gcc/arm-none-eabi/9.2.1/../../../arm-none-eabi/lib/thumb/v6-m/nofp/libg.a(lib_a-init.o)
                              /usr/lib/gcc/arm-none-eabi/9.2.1/../../../arm-none-eabi/lib/thumb/v6-m/nofp/crt0.o (__libc_init_array)
/usr/lib/gcc/arm-none-eabi/9.2.1/../../../arm-none-eabi/lib/thumb/v6-m/nofp/libg.a(lib_a-malloc.o)
                              CMakeFiles/project.dir/home/wallidamriou/pico/pico-sdk/src/rp2_common/pico_malloc/pico_malloc.c.obj (malloc)
/usr/lib/gcc/arm-none-eabi/9.2.1/../../../arm-none-eabi/lib/thumb/v6-m/nofp/libg.a(lib_a-mallocr.o)
                              /usr/lib/gcc/arm-none-eabi/9.2.1/../../../arm-none-eabi/lib/thumb/v6-m/nofp/libg.a(lib_a-callocr.o) (_malloc_r)
/usr/lib/gcc/arm-none-eabi/9.2.1/../../../arm-none-eabi/lib/thumb/v6-m/nofp/libg.a(lib_a-mlock.o)
                              /usr/lib/gcc/arm-none-eabi/9.2.1/../../../arm-none-eabi/lib/thumb/v6-m/nofp/libg.a(lib_a-mallocr.o) (__malloc_lock)
/usr/lib/gcc/arm-none-eabi/9.2.1/../../../arm-none-eabi/lib/thumb/v6-m/nofp/libg.a(lib_a-sbrkr.o)
                              /usr/lib/gcc/arm-none-eabi/9.2.1/../../../arm-none-eabi/lib/thumb/v6-m/nofp/libg.a(lib_a-mallocr.o) (_sbrk_r)
/usr/lib/gcc/arm-none-eabi/9.2.1/../../../arm-none-eabi/lib/thumb/v6-m/nofp/libg.a(lib_a-strlen-stub.o)
                              CMakeFiles/project.dir/home/wallidamriou/pico/pico-sdk/src/rp2_common/pico_stdio/stdio.c.obj (strlen)
/usr/lib/gcc/arm-none-eabi/9.2.1/../../../arm-none-eabi/lib/thumb/v6-m/nofp/libg.a(lib_a-__atexit.o)
                              /usr/lib/gcc/arm-none-eabi/9.2.1/../../../arm-none-eabi/lib/thumb/v6-m/nofp/libg.a(lib_a-atexit.o) (__register_exitproc)
/usr/lib/gcc/arm-none-eabi/9.2.1/../../../arm-none-eabi/lib/thumb/v6-m/nofp/libg.a(lib_a-freer.o)
                              /usr/lib/gcc/arm-none-eabi/9.2.1/../../../arm-none-eabi/lib/thumb/v6-m/nofp/libg.a(lib_a-malloc.o) (_free_r)
/usr/lib/gcc/arm-none-eabi/9.2.1/../../../arm-none-eabi/lib/thumb/v6-m/nofp/libg.a(lib_a-reent.o)
                              /usr/lib/gcc/arm-none-eabi/9.2.1/../../../arm-none-eabi/lib/thumb/v6-m/nofp/libg.a(lib_a-sbrkr.o) (errno)

Allocating common symbols
Common symbol       size              file

sf_table            0x100             CMakeFiles/project.dir/home/wallidamriou/pico/pico-sdk/src/rp2_common/pico_float/float_init_rom.c.obj
errno               0x4               /usr/lib/gcc/arm-none-eabi/9.2.1/../../../arm-none-eabi/lib/thumb/v6-m/nofp/libg.a(lib_a-reent.o)
_usbd_qdef_buf      0xc0              CMakeFiles/project.dir/home/wallidamriou/pico/pico-sdk/lib/tinyusb/src/device/usbd.c.obj
sf_clz_func         0x4               CMakeFiles/project.dir/home/wallidamriou/pico/pico-sdk/src/rp2_common/pico_float/float_init_rom.c.obj
sd_table            0x100             CMakeFiles/project.dir/home/wallidamriou/pico/pico-sdk/src/rp2_common/pico_double/double_init_rom.c.obj
uart_char_to_line_feed
                    0x4               CMakeFiles/project.dir/home/wallidamriou/pico/pico-sdk/src/rp2_common/hardware_uart/uart.c.obj

Discarded input sections

 .text          0x0000000000000000        0x0 /usr/lib/gcc/arm-none-eabi/9.2.1/thumb/v6-m/nofp/crti.o
 .data          0x0000000000000000        0x0 /usr/lib/gcc/arm-none-eabi/9.2.1/thumb/v6-m/nofp/crti.o
[...]
Memory Configuration

Name             Origin             Length             Attributes
FLASH            0x0000000010000000 0x0000000000200000 xr
RAM              0x0000000020000000 0x0000000000040000 xrw
SCRATCH_X        0x0000000020040000 0x0000000000001000 xrw
SCRATCH_Y        0x0000000020041000 0x0000000000001000 xrw
*default*        0x0000000000000000 0xffffffffffffffff

Linker script and memory map

LOAD /usr/lib/gcc/arm-none-eabi/9.2.1/thumb/v6-m/nofp/crti.o
LOAD /usr/lib/gcc/arm-none-eabi/9.2.1/thumb/v6-m/nofp/crtbegin.o
LOAD /usr/lib/gcc/arm-none-eabi/9.2.1/../../../arm-none-eabi/lib/thumb/v6-m/nofp/crt0.o

.flash_begin    0x0000000010000000        0x0
                0x0000000010000000                __flash_binary_start = .

.boot2          0x0000000010000000      0x100
                0x0000000010000000                __boot2_start__ = .
 *(.boot2)
 .boot2         0x0000000010000000      0x100 /tmp/cctAXtlp.o
                0x0000000010000100                __boot2_end__ = .
                0x0000000000000001                ASSERT (((__boot2_end__ - __boot2_start__) == 0x100), ERROR: Pico second stage bootloader must be 256 bytes in size)

.text           0x0000000010000100     0x6f60
                0x0000000010000100                __logical_binary_start = .
 *(.vectors)
 .vectors       0x0000000010000100       0xd4 CMakeFiles/project.dir/home/wallidamriou/pico/pico-sdk/src/rp2_common/pico_standard_link/crt0.S.obj
                0x0000000010000100                __vectors
                0x0000000010000100                __VECTOR_TABLE
                0x00000000100001c0                isr_invalid
                0x00000000100001c0                __default_isrs_start
                0x00000000100001c2                isr_nmi
                0x00000000100001c4                isr_hardfault
                0x00000000100001c6                isr_svcall
                0x00000000100001c8                isr_pendsv
                0x00000000100001ca                isr_systick
                0x00000000100001cc                isr_irq30
                0x00000000100001cc                __unhandled_user_irq
                0x00000000100001cc                isr_irq13
                0x00000000100001cc                isr_irq27
                0x00000000100001cc                isr_irq31
                0x00000000100001cc                isr_irq5
                0x00000000100001cc                isr_irq11
                0x00000000100001cc                isr_irq23
                0x00000000100001cc                isr_irq18
                0x00000000100001cc                isr_irq28
                0x00000000100001cc                isr_irq19
                0x00000000100001cc                isr_irq0
                0x00000000100001cc                isr_irq6
                0x00000000100001cc                isr_irq22
                0x00000000100001cc                isr_irq17
                0x00000000100001cc                isr_irq14
                0x00000000100001cc                isr_irq2
                0x00000000100001cc                isr_irq10
                0x00000000100001cc                isr_irq8
                0x00000000100001cc                isr_irq24
                0x00000000100001cc                isr_irq1
                0x00000000100001cc                isr_irq7
                0x00000000100001cc                isr_irq21
                0x00000000100001cc                isr_irq20
                0x00000000100001cc                isr_irq15
                0x00000000100001cc                isr_irq25
                0x00000000100001cc                isr_irq4
                0x00000000100001cc                isr_irq16
                0x00000000100001cc                isr_irq29
                0x00000000100001cc                isr_irq26
                0x00000000100001cc                __default_isrs_end
                0x00000000100001cc                isr_irq3
                0x00000000100001cc                isr_irq12
                0x00000000100001cc                isr_irq9
                0x00000000100001d2                unhandled_user_irq_num_in_r0
 *(.binary_info_header)
 .binary_info_header
                0x00000000100001d4       0x14 CMakeFiles/project.dir/home/wallidamriou/pico/pico-sdk/src/rp2_common/pico_standard_link/crt0.S.obj
                0x00000000100001e8                __binary_info_header_end = .
 *(.reset)
 .reset         0x00000000100001e8       0xa8 CMakeFiles/project.dir/home/wallidamriou/pico/pico-sdk/src/rp2_common/pico_standard_link/crt0.S.obj
                0x00000000100001e8                _entry_point
                0x0000000010000266                __get_current_exception
 .reset         0x0000000010000290       0x30 CMakeFiles/project.dir/home/wallidamriou/pico/pico-sdk/src/rp2_common/pico_standard_link/binary_info.c.obj
 *(.init)
 .init          0x00000000100002c0        0x4 /usr/lib/gcc/arm-none-eabi/9.2.1/thumb/v6-m/nofp/crti.o
                0x00000000100002c0                _init
 *(EXCLUDE_FILE(*libm.a: *libc.a:*lib_a-mem*.o *libgcc.a:) .text*)
 .text          0x00000000100002c4       0x98 /usr/lib/gcc/arm-none-eabi/9.2.1/thumb/v6-m/nofp/crtbegin.o
 .text.main     0x000000001000035c       0x40 CMakeFiles/project.dir/main.c.obj
                0x000000001000035c                main
 .text.gpio_set_function
                0x000000001000039c       0x30 CMakeFiles/project.dir/home/wallidamriou/pico/pico-sdk/src/rp2_common/hardware_gpio/gpio.c.obj
                0x000000001000039c                gpio_set_function
 .text.gpio_init
                0x00000000100003cc       0x16 CMakeFiles/project.dir/home/wallidamriou/pico/pico-sdk/src/rp2_common/hardware_gpio/gpio.c.obj
                0x00000000100003cc                gpio_init
 *fill*         0x00000000100003e2        0x2 
 .text.hw_claim_lock
                0x00000000100003e4       0x18 CMakeFiles/project.dir/home/wallidamriou/pico/pico-sdk/src/rp2_common/hardware_claim/claim.c.obj
                0x00000000100003e4                hw_claim_lock
 .text.hw_claim_unlock
                0x00000000100003fc       0x14 CMakeFiles/project.dir/home/wallidamriou/pico/pico-sdk/src/rp2_common/hardware_claim/claim.c.obj
                0x00000000100003fc                hw_claim_unlock
 .text.hw_claim_or_assert
                0x0000000010000410       0x32 CMakeFiles/project.dir/home/wallidamriou/pico/pico-sdk/src/rp2_common/hardware_claim/claim.c.obj
                0x0000000010000410                hw_claim_or_assert
 .text.hw_claim_unused_from_range
                0x0000000010000442       0x50 CMakeFiles/project.dir/home/wallidamriou/pico/pico-sdk/src/rp2_common/hardware_claim/claim.c.obj
                0x0000000010000442                hw_claim_unused_from_range
 *fill*         0x0000000010000492        0x2 
 .text.running_on_fpga
                0x0000000010000494       0x14 CMakeFiles/project.dir/home/wallidamriou/pico/pico-sdk/src/rp2_common/pico_platform/platform.c.obj
                0x0000000010000494                running_on_fpga
 .text.spin_locks_reset
                0x00000000100004a8       0x20 CMakeFiles/project.dir/home/wallidamriou/pico/pico-sdk/src/rp2_common/hardware_sync/sync.c.obj
                0x00000000100004a8                spin_locks_reset
 .text.next_striped_spin_lock_num
                0x00000000100004c8       0x1c CMakeFiles/project.dir/home/wallidamriou/pico/pico-sdk/src/rp2_common/hardware_sync/sync.c.obj
                0x00000000100004c8                next_striped_spin_lock_num
 .text.spin_lock_claim_unused
                0x00000000100004e4       0x20 CMakeFiles/project.dir/home/wallidamriou/pico/pico-sdk/src/rp2_common/hardware_sync/sync.c.obj
                0x00000000100004e4                spin_lock_claim_unused
 .text.alarm_pool_post_alloc_init
                0x0000000010000504       0x40 CMakeFiles/project.dir/home/wallidamriou/pico/pico-sdk/src/common/pico_time/time.c.obj
 .text.sleep_until_callback
                0x0000000010000544       0x30 CMakeFiles/project.dir/home/wallidamriou/pico/pico-sdk/src/common/pico_time/time.c.obj
 .text.timer_pool_entry_comparator
                0x0000000010000574       0x7c CMakeFiles/project.dir/home/wallidamriou/pico/pico-sdk/src/common/pico_time/time.c.obj
                0x0000000010000574                timer_pool_entry_comparator
 .text.ph_add_child_node
                0x00000000100005f0       0xa4 CMakeFiles/project.dir/home/wallidamriou/pico/pico-sdk/src/common/pico_time/time.c.obj
 .text.ph_merge_nodes
                0x0000000010000694       0x3e CMakeFiles/project.dir/home/wallidamriou/pico/pico-sdk/src/common/pico_time/time.c.obj
 *fill*         0x00000000100006d2        0x2 
 .text.add_alarm_under_lock
                0x00000000100006d4      0x174 CMakeFiles/project.dir/home/wallidamriou/pico/pico-sdk/src/common/pico_time/time.c.obj
 .text.alarm_pool_alarm_callback
                0x0000000010000848      0x32c CMakeFiles/project.dir/home/wallidamriou/pico/pico-sdk/src/common/pico_time/time.c.obj
 .text.alarm_pool_init_default
                0x0000000010000b74       0x38 CMakeFiles/project.dir/home/wallidamriou/pico/pico-sdk/src/common/pico_time/time.c.obj
                0x0000000010000b74                alarm_pool_init_default
 .text.alarm_pool_get_default
                0x0000000010000bac       0x2c CMakeFiles/project.dir/home/wallidamriou/pico/pico-sdk/src/common/pico_time/time.c.obj
                0x0000000010000bac                alarm_pool_get_default
 .text.alarm_pool_add_alarm_at
                0x0000000010000bd8      0x170 CMakeFiles/project.dir/home/wallidamriou/pico/pico-sdk/src/common/pico_time/time.c.obj
                0x0000000010000bd8                alarm_pool_add_alarm_at
 .text.alarm_pool_cancel_alarm
                0x0000000010000d48       0xec CMakeFiles/project.dir/home/wallidamriou/pico/pico-sdk/src/common/pico_time/time.c.obj
                0x0000000010000d48                alarm_pool_cancel_alarm
 .text.sleep_until
                0x0000000010000e34       0xfc CMakeFiles/project.dir/home/wallidamriou/pico/pico-sdk/src/common/pico_time/time.c.obj
                0x0000000010000e34                sleep_until
 .text.sleep_us
                0x0000000010000f30       0x58 CMakeFiles/project.dir/home/wallidamriou/pico/pico-sdk/src/common/pico_time/time.c.obj
                0x0000000010000f30                sleep_us
 .text.sleep_ms
                0x0000000010000f88       0x14 CMakeFiles/project.dir/home/wallidamriou/pico/pico-sdk/src/common/pico_time/time.c.obj
                0x0000000010000f88                sleep_ms
 .text.best_effort_wfe_or_timeout
                0x0000000010000f9c       0x80 CMakeFiles/project.dir/home/wallidamriou/pico/pico-sdk/src/common/pico_time/time.c.obj
                0x0000000010000f9c                best_effort_wfe_or_timeout
 .text.hardware_alarm_irq_handler
                0x000000001000101c       0x8c CMakeFiles/project.dir/home/wallidamriou/pico/pico-sdk/src/rp2_common/hardware_timer/timer.c.obj
 .text.hardware_alarm_claim
                0x00000000100010a8       0x18 CMakeFiles/project.dir/home/wallidamriou/pico/pico-sdk/src/rp2_common/hardware_timer/timer.c.obj
                0x00000000100010a8                hardware_alarm_claim
 .text.time_us_64
                0x00000000100010c0       0x18 CMakeFiles/project.dir/home/wallidamriou/pico/pico-sdk/src/rp2_common/hardware_timer/timer.c.obj
                0x00000000100010c0                time_us_64
 .text.busy_wait_until
                0x00000000100010d8       0x24 CMakeFiles/project.dir/home/wallidamriou/pico/pico-sdk/src/rp2_common/hardware_timer/timer.c.obj
                0x00000000100010d8                busy_wait_until
 .text.hardware_alarm_set_callback
                0x00000000100010fc       0x90 CMakeFiles/project.dir/home/wallidamriou/pico/pico-sdk/src/rp2_common/hardware_timer/timer.c.obj
                0x00000000100010fc                hardware_alarm_set_callback
 .text.hardware_alarm_set_target
                0x000000001000118c       0xe8 CMakeFiles/project.dir/home/wallidamriou/pico/pico-sdk/src/rp2_common/hardware_timer/timer.c.obj
                0x000000001000118c                hardware_alarm_set_target
 .text.hardware_alarm_cancel
                0x0000000010001274       0x40 CMakeFiles/project.dir/home/wallidamriou/pico/pico-sdk/src/rp2_common/hardware_timer/timer.c.obj
                0x0000000010001274                hardware_alarm_cancel
 .text.lock_init
                0x00000000100012b4       0x10 CMakeFiles/project.dir/home/wallidamriou/pico/pico-sdk/src/common/pico_sync/lock_core.c.obj
                0x00000000100012b4                lock_init
 .text.mutex_init_internal
                0x00000000100012c4       0x1e CMakeFiles/project.dir/home/wallidamriou/pico/pico-sdk/src/common/pico_sync/mutex.c.obj
 .text.mutex_init
                0x00000000100012e2        0xa CMakeFiles/project.dir/home/wallidamriou/pico/pico-sdk/src/common/pico_sync/mutex.c.obj
                0x00000000100012e2                mutex_init
 .text.recursive_mutex_init
                0x00000000100012ec        0xa CMakeFiles/project.dir/home/wallidamriou/pico/pico-sdk/src/common/pico_sync/mutex.c.obj
                0x00000000100012ec                recursive_mutex_init
 *fill*         0x00000000100012f6        0x2 
 .text.critical_section_init_with_lock_num
                0x00000000100012f8       0x14 CMakeFiles/project.dir/home/wallidamriou/pico/pico-sdk/src/common/pico_sync/critical_section.c.obj
                0x00000000100012f8                critical_section_init_with_lock_num
 .text.critical_section_init
                0x000000001000130c       0x14 CMakeFiles/project.dir/home/wallidamriou/pico/pico-sdk/src/common/pico_sync/critical_section.c.obj
                0x000000001000130c                critical_section_init
 .text.ph_add_child_node
                0x0000000010001320       0xa4 CMakeFiles/project.dir/home/wallidamriou/pico/pico-sdk/src/common/pico_util/pheap.c.obj
 .text.ph_merge_nodes
                0x00000000100013c4       0x3e CMakeFiles/project.dir/home/wallidamriou/pico/pico-sdk/src/common/pico_util/pheap.c.obj
 *fill*         0x0000000010001402        0x2 
 .text.ph_clear
                0x0000000010001404       0x70 CMakeFiles/project.dir/home/wallidamriou/pico/pico-sdk/src/common/pico_util/pheap.c.obj
                0x0000000010001404                ph_clear
 .text.ph_post_alloc_init
                0x0000000010001474        0xe CMakeFiles/project.dir/home/wallidamriou/pico/pico-sdk/src/common/pico_util/pheap.c.obj
                0x0000000010001474                ph_post_alloc_init
 *fill*         0x0000000010001482        0x2 
 .text.ph_merge_two_pass
                0x0000000010001484       0xa8 CMakeFiles/project.dir/home/wallidamriou/pico/pico-sdk/src/common/pico_util/pheap.c.obj
                0x0000000010001484                ph_merge_two_pass
 .text.ph_remove_any_head
                0x000000001000152c      0x108 CMakeFiles/project.dir/home/wallidamriou/pico/pico-sdk/src/common/pico_util/pheap.c.obj
 .text.ph_remove_head
                0x0000000010001634       0x14 CMakeFiles/project.dir/home/wallidamriou/pico/pico-sdk/src/common/pico_util/pheap.c.obj
                0x0000000010001634                ph_remove_head
 .text.ph_remove_and_free_node
                0x0000000010001648       0xf8 CMakeFiles/project.dir/home/wallidamriou/pico/pico-sdk/src/common/pico_util/pheap.c.obj
                0x0000000010001648                ph_remove_and_free_node
 .text.runtime_init
                0x0000000010001740       0xd8 CMakeFiles/project.dir/home/wallidamriou/pico/pico-sdk/src/rp2_common/pico_runtime/runtime.c.obj
                0x0000000010001740                runtime_init
 .text._exit    0x0000000010001818        0x4 CMakeFiles/project.dir/home/wallidamriou/pico/pico-sdk/src/rp2_common/pico_runtime/runtime.c.obj
                0x0000000010001818                _exit
 .text.exit     0x000000001000181c        0x6 CMakeFiles/project.dir/home/wallidamriou/pico/pico-sdk/src/rp2_common/pico_runtime/runtime.c.obj
                0x000000001000181c                exit
 *fill*         0x0000000010001822        0x2 
 .text.__assert_func
                0x0000000010001824       0x3c CMakeFiles/project.dir/home/wallidamriou/pico/pico-sdk/src/rp2_common/pico_runtime/runtime.c.obj
                0x0000000010001824                __assert_func
 .text.panic    0x0000000010001860       0x30 CMakeFiles/project.dir/home/wallidamriou/pico/pico-sdk/src/rp2_common/pico_runtime/runtime.c.obj
                0x0000000010001860                panic
 .text.clock_configure
                0x0000000010001890      0x104 CMakeFiles/project.dir/home/wallidamriou/pico/pico-sdk/src/rp2_common/hardware_clocks/clocks.c.obj
                0x0000000010001890                clock_configure
 .text.clocks_init
                0x0000000010001994      0x100 CMakeFiles/project.dir/home/wallidamriou/pico/pico-sdk/src/rp2_common/hardware_clocks/clocks.c.obj
                0x0000000010001994                clocks_init
 .text.set_raw_irq_handler_and_unlock
                0x0000000010001a94       0x28 CMakeFiles/project.dir/home/wallidamriou/pico/pico-sdk/src/rp2_common/hardware_irq/irq.c.obj
 .text.make_branch
                0x0000000010001abc       0x34 CMakeFiles/project.dir/home/wallidamriou/pico/pico-sdk/src/rp2_common/hardware_irq/irq.c.obj
 .text.insert_branch_and_link
                0x0000000010001af0       0x40 CMakeFiles/project.dir/home/wallidamriou/pico/pico-sdk/src/rp2_common/hardware_irq/irq.c.obj
 .text.irq_is_enabled
                0x0000000010001b30       0x18 CMakeFiles/project.dir/home/wallidamriou/pico/pico-sdk/src/rp2_common/hardware_irq/irq.c.obj
                0x0000000010001b30                irq_is_enabled
 .text.irq_set_mask_enabled
                0x0000000010001b48       0x20 CMakeFiles/project.dir/home/wallidamriou/pico/pico-sdk/src/rp2_common/hardware_irq/irq.c.obj
                0x0000000010001b48                irq_set_mask_enabled
 .text.irq_set_enabled
                0x0000000010001b68        0xe CMakeFiles/project.dir/home/wallidamriou/pico/pico-sdk/src/rp2_common/hardware_irq/irq.c.obj
                0x0000000010001b68                irq_set_enabled
 *fill*         0x0000000010001b76        0x2 
 .text.irq_set_pending
                0x0000000010001b78       0x10 CMakeFiles/project.dir/home/wallidamriou/pico/pico-sdk/src/rp2_common/hardware_irq/irq.c.obj
                0x0000000010001b78                irq_set_pending
 .text.irq_get_vtable_handler
                0x0000000010001b88       0x10 CMakeFiles/project.dir/home/wallidamriou/pico/pico-sdk/src/rp2_common/hardware_irq/irq.c.obj
                0x0000000010001b88                irq_get_vtable_handler
 .text.irq_set_exclusive_handler
                0x0000000010001b98       0x54 CMakeFiles/project.dir/home/wallidamriou/pico/pico-sdk/src/rp2_common/hardware_irq/irq.c.obj
                0x0000000010001b98                irq_set_exclusive_handler
 .text.irq_remove_handler
                0x0000000010001bec      0x1ac CMakeFiles/project.dir/home/wallidamriou/pico/pico-sdk/src/rp2_common/hardware_irq/irq.c.obj
                0x0000000010001bec                irq_remove_handler
 .text.irq_set_priority
                0x0000000010001d98       0x28 CMakeFiles/project.dir/home/wallidamriou/pico/pico-sdk/src/rp2_common/hardware_irq/irq.c.obj
                0x0000000010001d98                irq_set_priority
 .text.irq_add_tail_to_free_list
                0x0000000010001dc0       0xf0 CMakeFiles/project.dir/home/wallidamriou/pico/pico-sdk/src/rp2_common/hardware_irq/irq.c.obj
                0x0000000010001dc0                irq_add_tail_to_free_list
 .text.irq_init_priorities
                0x0000000010001eb0       0x16 CMakeFiles/project.dir/home/wallidamriou/pico/pico-sdk/src/rp2_common/hardware_irq/irq.c.obj
                0x0000000010001eb0                irq_init_priorities
 *fill*         0x0000000010001ec6        0x2 
 .text.pll_init
                0x0000000010001ec8      0x118 CMakeFiles/project.dir/home/wallidamriou/pico/pico-sdk/src/rp2_common/hardware_pll/pll.c.obj
                0x0000000010001ec8                pll_init
 .text.watchdog_start_tick
                0x0000000010001fe0       0x10 CMakeFiles/project.dir/home/wallidamriou/pico/pico-sdk/src/rp2_common/hardware_watchdog/watchdog.c.obj
                0x0000000010001fe0                watchdog_start_tick
 .text.watchdog_update
                0x0000000010001ff0       0x14 CMakeFiles/project.dir/home/wallidamriou/pico/pico-sdk/src/rp2_common/hardware_watchdog/watchdog.c.obj
                0x0000000010001ff0                watchdog_update
 .text._watchdog_enable
                0x0000000010002004       0x70 CMakeFiles/project.dir/home/wallidamriou/pico/pico-sdk/src/rp2_common/hardware_watchdog/watchdog.c.obj
                0x0000000010002004                _watchdog_enable
 .text.watchdog_reboot
                0x0000000010002074       0x48 CMakeFiles/project.dir/home/wallidamriou/pico/pico-sdk/src/rp2_common/hardware_watchdog/watchdog.c.obj
                0x0000000010002074                watchdog_reboot
 .text.xosc_init
                0x00000000100020bc       0x28 CMakeFiles/project.dir/home/wallidamriou/pico/pico-sdk/src/rp2_common/hardware_xosc/xosc.c.obj
                0x00000000100020bc                xosc_init
 .text._out_null
                0x00000000100020e4        0x2 CMakeFiles/project.dir/home/wallidamriou/pico/pico-sdk/src/rp2_common/pico_printf/printf.c.obj
 .text._out_fct
                0x00000000100020e6        0xe CMakeFiles/project.dir/home/wallidamriou/pico/pico-sdk/src/rp2_common/pico_printf/printf.c.obj
 .text._atoi    0x00000000100020f4       0x24 CMakeFiles/project.dir/home/wallidamriou/pico/pico-sdk/src/rp2_common/pico_printf/printf.c.obj
 .text._out_rev
                0x0000000010002118       0xae CMakeFiles/project.dir/home/wallidamriou/pico/pico-sdk/src/rp2_common/pico_printf/printf.c.obj
 .text._ntoa_format
                0x00000000100021c6      0x110 CMakeFiles/project.dir/home/wallidamriou/pico/pico-sdk/src/rp2_common/pico_printf/printf.c.obj
 .text._ntoa_long
                0x00000000100022d6       0xbc CMakeFiles/project.dir/home/wallidamriou/pico/pico-sdk/src/rp2_common/pico_printf/printf.c.obj
 .text._ntoa_long_long
                0x0000000010002392       0xe2 CMakeFiles/project.dir/home/wallidamriou/pico/pico-sdk/src/rp2_common/pico_printf/printf.c.obj
 .text._etoa    0x0000000010002474      0x40c CMakeFiles/project.dir/home/wallidamriou/pico/pico-sdk/src/rp2_common/pico_printf/printf.c.obj
 .text._ftoa    0x0000000010002880      0x354 CMakeFiles/project.dir/home/wallidamriou/pico/pico-sdk/src/rp2_common/pico_printf/printf.c.obj
 .text._vsnprintf
                0x0000000010002bd4      0x628 CMakeFiles/project.dir/home/wallidamriou/pico/pico-sdk/src/rp2_common/pico_printf/printf.c.obj
 .text.vfctprintf
                0x00000000100031fc       0x20 CMakeFiles/project.dir/home/wallidamriou/pico/pico-sdk/src/rp2_common/pico_printf/printf.c.obj
                0x00000000100031fc                vfctprintf
 .text          0x000000001000321c       0x10 CMakeFiles/project.dir/home/wallidamriou/pico/pico-sdk/src/rp2_common/pico_bit_ops/bit_ops_aeabi.S.obj
 .text.rom_func_lookup
                0x000000001000322c       0x10 CMakeFiles/project.dir/home/wallidamriou/pico/pico-sdk/src/rp2_common/pico_bootrom/bootrom.c.obj
                0x000000001000322c                rom_func_lookup
 .text.rom_data_lookup
                0x000000001000323c       0x10 CMakeFiles/project.dir/home/wallidamriou/pico/pico-sdk/src/rp2_common/pico_bootrom/bootrom.c.obj
                0x000000001000323c                rom_data_lookup
 .text.rom_funcs_lookup
                0x000000001000324c       0x36 CMakeFiles/project.dir/home/wallidamriou/pico/pico-sdk/src/rp2_common/pico_bootrom/bootrom.c.obj
                0x000000001000324c                rom_funcs_lookup
 *fill*         0x0000000010003282        0x2 
 .text.__wrap___aeabi_idiv
                0x0000000010003284       0x50 CMakeFiles/project.dir/home/wallidamriou/pico/pico-sdk/src/rp2_common/pico_divider/divider.S.obj
                0x0000000010003284                __wrap___aeabi_idivmod
                0x0000000010003284                divmod_s32s32
                0x0000000010003284                div_s32s32
                0x0000000010003284                __wrap___aeabi_idiv
                0x000000001000328c                divmod_s32s32_unsafe
                0x00000000100032b8                divmod_s32s32_savestate
 .text.__wrap___aeabi_uidiv
                0x00000000100032d4       0x4c CMakeFiles/project.dir/home/wallidamriou/pico/pico-sdk/src/rp2_common/pico_divider/divider.S.obj
                0x00000000100032d4                __wrap___aeabi_uidiv
                0x00000000100032d4                __wrap___aeabi_uidivmod
                0x00000000100032d4                div_u32u32
                0x00000000100032d4                divmod_u32u32
                0x00000000100032dc                divmod_u32u32_unsafe
                0x0000000010003304                divmod_u32u32_savestate
 .text.__wrap___aeabi_ldiv
                0x0000000010003320      0x430 CMakeFiles/project.dir/home/wallidamriou/pico/pico-sdk/src/rp2_common/pico_divider/divider.S.obj
                0x0000000010003320                div_s64s64
                0x0000000010003320                divmod_s64s64
                0x0000000010003320                __wrap___aeabi_ldivmod
                0x0000000010003358                div_u64u64
                0x0000000010003358                divmod_u64u64
                0x0000000010003358                __wrap___aeabi_uldivmod
                0x0000000010003368                divmod_u64u64_savestate
                0x0000000010003390                divmod_s64s64_unsafe
                0x0000000010003418                divmod_u64u64_unsafe
 .text.__wrap___aeabi_darithmetic
                0x0000000010003750       0x80 CMakeFiles/project.dir/home/wallidamriou/pico/pico-sdk/src/rp2_common/pico_double/double_aeabi.S.obj
                0x0000000010003750                __wrap___aeabi_drsub
                0x0000000010003756                __wrap___aeabi_dsub
                0x0000000010003768                __wrap___aeabi_dadd
                0x000000001000377a                __wrap___aeabi_ddiv
                0x00000000100037b6                __wrap___aeabi_dmul
 .text.__wrap___aeabi_cdcmple
                0x00000000100037d0       0x6c CMakeFiles/project.dir/home/wallidamriou/pico/pico-sdk/src/rp2_common/pico_double/double_aeabi.S.obj
                0x00000000100037d0                __wrap___aeabi_cdrcmple
                0x00000000100037e0                __wrap___aeabi_cdcmple
                0x00000000100037e0                __wrap___aeabi_cdcmpeq
 .text.__wrap___aeabi_dcmplt
                0x000000001000383c        0xc CMakeFiles/project.dir/home/wallidamriou/pico/pico-sdk/src/rp2_common/pico_double/double_aeabi.S.obj
                0x000000001000383c                __wrap___aeabi_dcmplt
 .text.__wrap___aeabi_dcmple
                0x0000000010003848       0x10 CMakeFiles/project.dir/home/wallidamriou/pico/pico-sdk/src/rp2_common/pico_double/double_aeabi.S.obj
                0x0000000010003848                __wrap___aeabi_dcmple
 .text.__wrap___aeabi_dcmpge
                0x0000000010003858       0x10 CMakeFiles/project.dir/home/wallidamriou/pico/pico-sdk/src/rp2_common/pico_double/double_aeabi.S.obj
                0x0000000010003858                __wrap___aeabi_dcmpge
 .text.__wrap___aeabi_dcmpgt
                0x0000000010003868        0xa CMakeFiles/project.dir/home/wallidamriou/pico/pico-sdk/src/rp2_common/pico_double/double_aeabi.S.obj
                0x0000000010003868                __wrap___aeabi_dcmpgt
 .text.__wrap___aeabi_dcmpun
                0x0000000010003872       0x1c CMakeFiles/project.dir/home/wallidamriou/pico/pico-sdk/src/rp2_common/pico_double/double_aeabi.S.obj
                0x0000000010003872                __wrap___aeabi_dcmpun
 *fill*         0x000000001000388e        0x2 
 .text.__wrap___aeabi_i2d
                0x0000000010003890       0x38 CMakeFiles/project.dir/home/wallidamriou/pico/pico-sdk/src/rp2_common/pico_double/double_aeabi.S.obj
                0x0000000010003890                __wrap___aeabi_ui2d
                0x0000000010003898                __wrap___aeabi_i2d
 .text.__wrap___aeabi_d2iz
                0x00000000100038c8       0x48 CMakeFiles/project.dir/home/wallidamriou/pico/pico-sdk/src/rp2_common/pico_double/double_aeabi.S.obj
                0x00000000100038c8                __wrap___aeabi_d2iz
                0x00000000100038c8                double2int_z
 .text.__wrap___aeabi_d2uiz
                0x0000000010003910       0x18 CMakeFiles/project.dir/home/wallidamriou/pico/pico-sdk/src/rp2_common/pico_double/double_aeabi.S.obj
                0x0000000010003910                double2uint
                0x0000000010003910                __wrap___aeabi_d2uiz
 .text.__aeabi_double_init
                0x0000000010003928       0xb4 CMakeFiles/project.dir/home/wallidamriou/pico/pico-sdk/src/rp2_common/pico_double/double_init_rom.c.obj
                0x0000000010003928                __aeabi_double_init
 .text.double_table_shim_on_use_helper
                0x00000000100039dc       0x34 CMakeFiles/project.dir/home/wallidamriou/pico/pico-sdk/src/rp2_common/pico_double/double_v1_rom_shim.S.obj
                0x00000000100039dc                double_table_shim_on_use_helper
 .text.__wrap___aeabi_dsub
                0x0000000010003a10       0x10 CMakeFiles/project.dir/home/wallidamriou/pico/pico-sdk/src/rp2_common/pico_double/double_v1_rom_shim.S.obj
                0x0000000010003a10                drsub_shim
                0x0000000010003a16                dsub_shim
 .text.dadd_shim
                0x0000000010003a20      0x15c CMakeFiles/project.dir/home/wallidamriou/pico/pico-sdk/src/rp2_common/pico_double/double_v1_rom_shim.S.obj
                0x0000000010003a20                dadd_shim
 .text.dmul_shim
                0x0000000010003b7c      0x15c CMakeFiles/project.dir/home/wallidamriou/pico/pico-sdk/src/rp2_common/pico_double/double_v1_rom_shim.S.obj
                0x0000000010003b7c                dmul_shim
 .text.ddiv_shim
                0x0000000010003cd8      0x1b0 CMakeFiles/project.dir/home/wallidamriou/pico/pico-sdk/src/rp2_common/pico_double/double_v1_rom_shim.S.obj
                0x0000000010003cd8                ddiv_shim
 .text.dcordic_rot_step
                0x0000000010003e88       0x7c CMakeFiles/project.dir/home/wallidamriou/pico/pico-sdk/src/rp2_common/pico_double/double_v1_rom_shim.S.obj
                0x0000000010003e88                dcordic_rot_step
 .text.double2uint_shim
                0x0000000010003f04        0xe CMakeFiles/project.dir/home/wallidamriou/pico/pico-sdk/src/rp2_common/pico_double/double_v1_rom_shim.S.obj
                0x0000000010003f04                double2uint_shim
                0x0000000010003f06                double2ufix_shim
 *fill*         0x0000000010003f12        0x2 
 .text.double2uint64_shim
                0x0000000010003f14       0x6c CMakeFiles/project.dir/home/wallidamriou/pico/pico-sdk/src/rp2_common/pico_double/double_v1_rom_shim.S.obj
                0x0000000010003f14                double2uint64_shim
                0x0000000010003f16                double2ufix64_shim
                0x0000000010003f30                d2fix_a
 .text.dunpacks
                0x0000000010003f80       0x3c CMakeFiles/project.dir/home/wallidamriou/pico/pico-sdk/src/rp2_common/pico_double/double_v1_rom_shim.S.obj
                0x0000000010003f80                dunpacks
 .text.__aeabi_lmul
                0x0000000010003fbc       0x32 CMakeFiles/project.dir/home/wallidamriou/pico/pico-sdk/src/rp2_common/pico_int64_ops/pico_int64_ops_aeabi.S.obj
                0x0000000010003fbc                __wrap___aeabi_lmul
 *fill*         0x0000000010003fee        0x2 
 .text.__aeabi_float_init
                0x0000000010003ff0       0xfc CMakeFiles/project.dir/home/wallidamriou/pico/pico-sdk/src/rp2_common/pico_float/float_init_rom.c.obj
                0x0000000010003ff0                __aeabi_float_init
 .text.float_table_shim_on_use_helper
                0x00000000100040ec       0x34 CMakeFiles/project.dir/home/wallidamriou/pico/pico-sdk/src/rp2_common/pico_float/float_v1_rom_shim.S.obj
                0x00000000100040ec                float_table_shim_on_use_helper
 .text          0x0000000010004120       0x10 CMakeFiles/project.dir/home/wallidamriou/pico/pico-sdk/src/rp2_common/pico_mem_ops/mem_ops_aeabi.S.obj
                0x0000000010004120                __aeabi_mem_init
 .text.memset   0x0000000010004130        0xc CMakeFiles/project.dir/home/wallidamriou/pico/pico-sdk/src/rp2_common/pico_mem_ops/mem_ops_aeabi.S.obj
                0x0000000010004130                __wrap_memset
 .text.memcpy   0x000000001000413c        0xc CMakeFiles/project.dir/home/wallidamriou/pico/pico-sdk/src/rp2_common/pico_mem_ops/mem_ops_aeabi.S.obj
                0x000000001000413c                __wrap___aeabi_memcpy
                0x000000001000413c                __wrap_memcpy
 .text.stdio_out_chars_crlf
                0x0000000010004148       0x80 CMakeFiles/project.dir/home/wallidamriou/pico/pico-sdk/src/rp2_common/pico_stdio/stdio.c.obj
 .text.stdio_stack_buffer_flush
                0x00000000100041c8       0x44 CMakeFiles/project.dir/home/wallidamriou/pico/pico-sdk/src/rp2_common/pico_stdio/stdio.c.obj
 .text.stdio_buffered_printer
                0x000000001000420c       0x20 CMakeFiles/project.dir/home/wallidamriou/pico/pico-sdk/src/rp2_common/pico_stdio/stdio.c.obj
 .text.stdout_serialize_begin
                0x000000001000422c       0x30 CMakeFiles/project.dir/home/wallidamriou/pico/pico-sdk/src/rp2_common/pico_stdio/stdio.c.obj
                0x000000001000422c                stdout_serialize_begin
 .text.stdout_serialize_end
                0x000000001000425c       0x10 CMakeFiles/project.dir/home/wallidamriou/pico/pico-sdk/src/rp2_common/pico_stdio/stdio.c.obj
                0x000000001000425c                stdout_serialize_end
 .text.stdio_put_string
                0x000000001000426c       0x84 CMakeFiles/project.dir/home/wallidamriou/pico/pico-sdk/src/rp2_common/pico_stdio/stdio.c.obj
 .text.stdio_set_driver_enabled
                0x00000000100042f0       0x38 CMakeFiles/project.dir/home/wallidamriou/pico/pico-sdk/src/rp2_common/pico_stdio/stdio.c.obj
                0x00000000100042f0                stdio_set_driver_enabled
 .text.stdio_flush
                0x0000000010004328       0x20 CMakeFiles/project.dir/home/wallidamriou/pico/pico-sdk/src/rp2_common/pico_stdio/stdio.c.obj
                0x0000000010004328                stdio_flush
 .text.__wrap_puts
                0x0000000010004348       0x1c CMakeFiles/project.dir/home/wallidamriou/pico/pico-sdk/src/rp2_common/pico_stdio/stdio.c.obj
                0x0000000010004348                __wrap_puts
 .text.__wrap_vprintf
                0x0000000010004364       0x44 CMakeFiles/project.dir/home/wallidamriou/pico/pico-sdk/src/rp2_common/pico_stdio/stdio.c.obj
                0x0000000010004364                __wrap_vprintf
 .text.__wrap_printf
                0x00000000100043a8       0x18 CMakeFiles/project.dir/home/wallidamriou/pico/pico-sdk/src/rp2_common/pico_stdio/stdio.c.obj
                0x00000000100043a8                __wrap_printf
 .text.stdio_init_all
                0x00000000100043c0        0x8 CMakeFiles/project.dir/home/wallidamriou/pico/pico-sdk/src/rp2_common/pico_stdio/stdio.c.obj
                0x00000000100043c0                stdio_init_all
 .text.resetd_init
                0x00000000100043c8        0x2 CMakeFiles/project.dir/home/wallidamriou/pico/pico-sdk/src/rp2_common/pico_stdio_usb/reset_interface.c.obj
 *fill*         0x00000000100043ca        0x2 
 .text.resetd_reset
                0x00000000100043cc        0xc CMakeFiles/project.dir/home/wallidamriou/pico/pico-sdk/src/rp2_common/pico_stdio_usb/reset_interface.c.obj
 .text.resetd_open
                0x00000000100043d8       0x34 CMakeFiles/project.dir/home/wallidamriou/pico/pico-sdk/src/rp2_common/pico_stdio_usb/reset_interface.c.obj
 .text.resetd_xfer_cb
                0x000000001000440c        0x4 CMakeFiles/project.dir/home/wallidamriou/pico/pico-sdk/src/rp2_common/pico_stdio_usb/reset_interface.c.obj
 .text.resetd_control_xfer_cb
                0x0000000010004410       0x6c CMakeFiles/project.dir/home/wallidamriou/pico/pico-sdk/src/rp2_common/pico_stdio_usb/reset_interface.c.obj
 .text.usbd_app_driver_get_cb
                0x000000001000447c        0xc CMakeFiles/project.dir/home/wallidamriou/pico/pico-sdk/src/rp2_common/pico_stdio_usb/reset_interface.c.obj
                0x000000001000447c                usbd_app_driver_get_cb
 .text.tud_cdc_line_coding_cb
                0x0000000010004488       0x34 CMakeFiles/project.dir/home/wallidamriou/pico/pico-sdk/src/rp2_common/pico_stdio_usb/reset_interface.c.obj
                0x0000000010004488                tud_cdc_line_coding_cb
 .text.stdio_usb_in_chars
                0x00000000100044bc       0x70 CMakeFiles/project.dir/home/wallidamriou/pico/pico-sdk/src/rp2_common/pico_stdio_usb/stdio_usb.c.obj
                0x00000000100044bc                stdio_usb_in_chars
 .text.low_priority_worker_irq
                0x000000001000452c       0x20 CMakeFiles/project.dir/home/wallidamriou/pico/pico-sdk/src/rp2_common/pico_stdio_usb/stdio_usb.c.obj
 .text.stdio_usb_out_chars
                0x000000001000454c       0xd4 CMakeFiles/project.dir/home/wallidamriou/pico/pico-sdk/src/rp2_common/pico_stdio_usb/stdio_usb.c.obj
 .text.timer_task
                0x0000000010004620       0x10 CMakeFiles/project.dir/home/wallidamriou/pico/pico-sdk/src/rp2_common/pico_stdio_usb/stdio_usb.c.obj
 .text.stdio_usb_init
                0x0000000010004630       0xb8 CMakeFiles/project.dir/home/wallidamriou/pico/pico-sdk/src/rp2_common/pico_stdio_usb/stdio_usb.c.obj
                0x0000000010004630                stdio_usb_init
 .text.tud_descriptor_device_cb
                0x00000000100046e8        0x8 CMakeFiles/project.dir/home/wallidamriou/pico/pico-sdk/src/rp2_common/pico_stdio_usb/stdio_usb_descriptors.c.obj
                0x00000000100046e8                tud_descriptor_device_cb
 .text.tud_descriptor_configuration_cb
                0x00000000100046f0        0x8 CMakeFiles/project.dir/home/wallidamriou/pico/pico-sdk/src/rp2_common/pico_stdio_usb/stdio_usb_descriptors.c.obj
                0x00000000100046f0                tud_descriptor_configuration_cb
 .text.tud_descriptor_string_cb
                0x00000000100046f8       0x68 CMakeFiles/project.dir/home/wallidamriou/pico/pico-sdk/src/rp2_common/pico_stdio_usb/stdio_usb_descriptors.c.obj
                0x00000000100046f8                tud_descriptor_string_cb
 .text.hw_endpoint_get_by_addr
                0x0000000010004760       0x18 CMakeFiles/project.dir/home/wallidamriou/pico/pico-sdk/lib/tinyusb/src/portable/raspberrypi/rp2040/dcd_rp2040.c.obj
 .text.reset_ep0
                0x0000000010004778       0x2c CMakeFiles/project.dir/home/wallidamriou/pico/pico-sdk/lib/tinyusb/src/portable/raspberrypi/rp2040/dcd_rp2040.c.obj
 .text._hw_endpoint_alloc
                0x00000000100047a4       0x80 CMakeFiles/project.dir/home/wallidamriou/pico/pico-sdk/lib/tinyusb/src/portable/raspberrypi/rp2040/dcd_rp2040.c.obj
 .text._hw_endpoint_init
                0x0000000010004824       0xbc CMakeFiles/project.dir/home/wallidamriou/pico/pico-sdk/lib/tinyusb/src/portable/raspberrypi/rp2040/dcd_rp2040.c.obj
 .text.hw_endpoint_init
                0x00000000100048e0       0x18 CMakeFiles/project.dir/home/wallidamriou/pico/pico-sdk/lib/tinyusb/src/portable/raspberrypi/rp2040/dcd_rp2040.c.obj
 .text.hw_handle_buff_status
                0x00000000100048f8       0xb4 CMakeFiles/project.dir/home/wallidamriou/pico/pico-sdk/lib/tinyusb/src/portable/raspberrypi/rp2040/dcd_rp2040.c.obj
 .text.dcd_rp2040_irq
                0x00000000100049ac       0xa8 CMakeFiles/project.dir/home/wallidamriou/pico/pico-sdk/lib/tinyusb/src/portable/raspberrypi/rp2040/dcd_rp2040.c.obj
 .text.hw_endpoint_xfer
                0x0000000010004a54       0x18 CMakeFiles/project.dir/home/wallidamriou/pico/pico-sdk/lib/tinyusb/src/portable/raspberrypi/rp2040/dcd_rp2040.c.obj
 .text.ep0_0len_status
                0x0000000010004a6c       0x14 CMakeFiles/project.dir/home/wallidamriou/pico/pico-sdk/lib/tinyusb/src/portable/raspberrypi/rp2040/dcd_rp2040.c.obj
 .text._hw_endpoint_stall
                0x0000000010004a80       0x54 CMakeFiles/project.dir/home/wallidamriou/pico/pico-sdk/lib/tinyusb/src/portable/raspberrypi/rp2040/dcd_rp2040.c.obj
 .text.hw_endpoint_stall
                0x0000000010004ad4        0xc CMakeFiles/project.dir/home/wallidamriou/pico/pico-sdk/lib/tinyusb/src/portable/raspberrypi/rp2040/dcd_rp2040.c.obj
 .text._hw_endpoint_clear_stall
                0x0000000010004ae0       0x34 CMakeFiles/project.dir/home/wallidamriou/pico/pico-sdk/lib/tinyusb/src/portable/raspberrypi/rp2040/dcd_rp2040.c.obj
 .text.hw_endpoint_clear_stall
                0x0000000010004b14        0xc CMakeFiles/project.dir/home/wallidamriou/pico/pico-sdk/lib/tinyusb/src/portable/raspberrypi/rp2040/dcd_rp2040.c.obj
 .text.dcd_int_enable
                0x0000000010004b20       0x2c CMakeFiles/project.dir/home/wallidamriou/pico/pico-sdk/lib/tinyusb/src/portable/raspberrypi/rp2040/dcd_rp2040.c.obj
                0x0000000010004b20                dcd_int_enable
 .text.dcd_set_address
                0x0000000010004b4c       0x28 CMakeFiles/project.dir/home/wallidamriou/pico/pico-sdk/lib/tinyusb/src/portable/raspberrypi/rp2040/dcd_rp2040.c.obj
                0x0000000010004b4c                dcd_set_address
 .text.dcd_connect
                0x0000000010004b74       0x30 CMakeFiles/project.dir/home/wallidamriou/pico/pico-sdk/lib/tinyusb/src/portable/raspberrypi/rp2040/dcd_rp2040.c.obj
                0x0000000010004b74                dcd_connect
 .text.dcd_init
                0x0000000010004ba4       0x84 CMakeFiles/project.dir/home/wallidamriou/pico/pico-sdk/lib/tinyusb/src/portable/raspberrypi/rp2040/dcd_rp2040.c.obj
                0x0000000010004ba4                dcd_init
 .text.dcd_edpt0_status_complete
                0x0000000010004c28       0x40 CMakeFiles/project.dir/home/wallidamriou/pico/pico-sdk/lib/tinyusb/src/portable/raspberrypi/rp2040/dcd_rp2040.c.obj
                0x0000000010004c28                dcd_edpt0_status_complete
 .text.dcd_edpt_open
                0x0000000010004c68       0x40 CMakeFiles/project.dir/home/wallidamriou/pico/pico-sdk/lib/tinyusb/src/portable/raspberrypi/rp2040/dcd_rp2040.c.obj
                0x0000000010004c68                dcd_edpt_open
 .text.dcd_edpt_xfer
                0x0000000010004ca8       0x34 CMakeFiles/project.dir/home/wallidamriou/pico/pico-sdk/lib/tinyusb/src/portable/raspberrypi/rp2040/dcd_rp2040.c.obj
                0x0000000010004ca8                dcd_edpt_xfer
 .text.dcd_edpt_stall
                0x0000000010004cdc       0x28 CMakeFiles/project.dir/home/wallidamriou/pico/pico-sdk/lib/tinyusb/src/portable/raspberrypi/rp2040/dcd_rp2040.c.obj
                0x0000000010004cdc                dcd_edpt_stall
 .text.dcd_edpt_clear_stall
                0x0000000010004d04       0x2c CMakeFiles/project.dir/home/wallidamriou/pico/pico-sdk/lib/tinyusb/src/portable/raspberrypi/rp2040/dcd_rp2040.c.obj
                0x0000000010004d04                dcd_edpt_clear_stall
 .text.rp2040_usb_init
                0x0000000010004d30       0x50 CMakeFiles/project.dir/home/wallidamriou/pico/pico-sdk/lib/tinyusb/src/portable/raspberrypi/rp2040/rp2040_usb.c.obj
                0x0000000010004d30                rp2040_usb_init
 .text.hw_endpoint_reset_transfer
                0x0000000010004d80       0x10 CMakeFiles/project.dir/home/wallidamriou/pico/pico-sdk/lib/tinyusb/src/portable/raspberrypi/rp2040/rp2040_usb.c.obj
                0x0000000010004d80                hw_endpoint_reset_transfer
 .text._hw_endpoint_buffer_control_update32
                0x0000000010004d90       0x58 CMakeFiles/project.dir/home/wallidamriou/pico/pico-sdk/lib/tinyusb/src/portable/raspberrypi/rp2040/rp2040_usb.c.obj
                0x0000000010004d90                _hw_endpoint_buffer_control_update32
 .text._hw_endpoint_start_next_buffer
                0x0000000010004de8       0x50 CMakeFiles/project.dir/home/wallidamriou/pico/pico-sdk/lib/tinyusb/src/portable/raspberrypi/rp2040/rp2040_usb.c.obj
                0x0000000010004de8                _hw_endpoint_start_next_buffer
 .text._hw_endpoint_xfer_start
                0x0000000010004e38       0x3e CMakeFiles/project.dir/home/wallidamriou/pico/pico-sdk/lib/tinyusb/src/portable/raspberrypi/rp2040/rp2040_usb.c.obj
                0x0000000010004e38                _hw_endpoint_xfer_start
 *fill*         0x0000000010004e76        0x2 
 .text._hw_endpoint_xfer_sync
                0x0000000010004e78       0x74 CMakeFiles/project.dir/home/wallidamriou/pico/pico-sdk/lib/tinyusb/src/portable/raspberrypi/rp2040/rp2040_usb.c.obj
                0x0000000010004e78                _hw_endpoint_xfer_sync
 .text._hw_endpoint_xfer_continue
                0x0000000010004eec       0x60 CMakeFiles/project.dir/home/wallidamriou/pico/pico-sdk/lib/tinyusb/src/portable/raspberrypi/rp2040/rp2040_usb.c.obj
                0x0000000010004eec                _hw_endpoint_xfer_continue
 .text._hw_endpoint_xfer
                0x0000000010004f4c       0x34 CMakeFiles/project.dir/home/wallidamriou/pico/pico-sdk/lib/tinyusb/src/portable/raspberrypi/rp2040/rp2040_usb.c.obj
                0x0000000010004f4c                _hw_endpoint_xfer
 .text.mark_interface_endpoint
                0x0000000010004f80       0x2a CMakeFiles/project.dir/home/wallidamriou/pico/pico-sdk/lib/tinyusb/src/device/usbd.c.obj
 *fill*         0x0000000010004faa        0x2 
 .text.usbd_reset
                0x0000000010004fac       0x88 CMakeFiles/project.dir/home/wallidamriou/pico/pico-sdk/lib/tinyusb/src/device/usbd.c.obj
 .text.invoke_class_control
                0x0000000010005034       0x1a CMakeFiles/project.dir/home/wallidamriou/pico/pico-sdk/lib/tinyusb/src/device/usbd.c.obj
 *fill*         0x000000001000504e        0x2 
 .text.process_set_config
                0x0000000010005050      0x1d0 CMakeFiles/project.dir/home/wallidamriou/pico/pico-sdk/lib/tinyusb/src/device/usbd.c.obj
 .text.process_get_descriptor
                0x0000000010005220       0xf8 CMakeFiles/project.dir/home/wallidamriou/pico/pico-sdk/lib/tinyusb/src/device/usbd.c.obj
 .text.tud_mounted
                0x0000000010005318       0x10 CMakeFiles/project.dir/home/wallidamriou/pico/pico-sdk/lib/tinyusb/src/device/usbd.c.obj
                0x0000000010005318                tud_mounted
 .text.tud_suspended
                0x0000000010005328       0x10 CMakeFiles/project.dir/home/wallidamriou/pico/pico-sdk/lib/tinyusb/src/device/usbd.c.obj
                0x0000000010005328                tud_suspended
 .text.tud_inited
                0x0000000010005338        0xc CMakeFiles/project.dir/home/wallidamriou/pico/pico-sdk/lib/tinyusb/src/device/usbd.c.obj
                0x0000000010005338                tud_inited
 .text.tud_init
                0x0000000010005344       0xcc CMakeFiles/project.dir/home/wallidamriou/pico/pico-sdk/lib/tinyusb/src/device/usbd.c.obj
                0x0000000010005344                tud_init
 .text.dcd_event_handler
                0x0000000010005410      0x174 CMakeFiles/project.dir/home/wallidamriou/pico/pico-sdk/lib/tinyusb/src/device/usbd.c.obj
                0x0000000010005410                dcd_event_handler
 .text.dcd_event_bus_signal
                0x0000000010005584       0x26 CMakeFiles/project.dir/home/wallidamriou/pico/pico-sdk/lib/tinyusb/src/device/usbd.c.obj
                0x0000000010005584                dcd_event_bus_signal
 .text.dcd_event_bus_reset
                0x00000000100055aa       0x2a CMakeFiles/project.dir/home/wallidamriou/pico/pico-sdk/lib/tinyusb/src/device/usbd.c.obj
                0x00000000100055aa                dcd_event_bus_reset
 .text.dcd_event_setup_received
                0x00000000100055d4       0x34 CMakeFiles/project.dir/home/wallidamriou/pico/pico-sdk/lib/tinyusb/src/device/usbd.c.obj
                0x00000000100055d4                dcd_event_setup_received
 .text.dcd_event_xfer_complete
                0x0000000010005608       0x44 CMakeFiles/project.dir/home/wallidamriou/pico/pico-sdk/lib/tinyusb/src/device/usbd.c.obj
                0x0000000010005608                dcd_event_xfer_complete
 .text.usbd_edpt_open
                0x000000001000564c       0xe0 CMakeFiles/project.dir/home/wallidamriou/pico/pico-sdk/lib/tinyusb/src/device/usbd.c.obj
                0x000000001000564c                usbd_edpt_open
 .text.usbd_open_edpt_pair
                0x000000001000572c       0x8c CMakeFiles/project.dir/home/wallidamriou/pico/pico-sdk/lib/tinyusb/src/device/usbd.c.obj
                0x000000001000572c                usbd_open_edpt_pair
 .text.usbd_edpt_claim
                0x00000000100057b8       0x8c CMakeFiles/project.dir/home/wallidamriou/pico/pico-sdk/lib/tinyusb/src/device/usbd.c.obj
                0x00000000100057b8                usbd_edpt_claim
 .text.usbd_edpt_release
                0x0000000010005844       0x68 CMakeFiles/project.dir/home/wallidamriou/pico/pico-sdk/lib/tinyusb/src/device/usbd.c.obj
                0x0000000010005844                usbd_edpt_release
 .text.usbd_edpt_xfer
                0x00000000100058ac       0x80 CMakeFiles/project.dir/home/wallidamriou/pico/pico-sdk/lib/tinyusb/src/device/usbd.c.obj
                0x00000000100058ac                usbd_edpt_xfer
 .text.usbd_edpt_stall
                0x000000001000592c       0x2c CMakeFiles/project.dir/home/wallidamriou/pico/pico-sdk/lib/tinyusb/src/device/usbd.c.obj
                0x000000001000592c                usbd_edpt_stall
 .text.usbd_edpt_clear_stall
                0x0000000010005958       0x2c CMakeFiles/project.dir/home/wallidamriou/pico/pico-sdk/lib/tinyusb/src/device/usbd.c.obj
                0x0000000010005958                usbd_edpt_clear_stall
 .text.usbd_edpt_stalled
                0x0000000010005984       0x1c CMakeFiles/project.dir/home/wallidamriou/pico/pico-sdk/lib/tinyusb/src/device/usbd.c.obj
                0x0000000010005984                usbd_edpt_stalled
 .text.process_control_request
                0x00000000100059a0      0x380 CMakeFiles/project.dir/home/wallidamriou/pico/pico-sdk/lib/tinyusb/src/device/usbd.c.obj
 .text.tud_task
                0x0000000010005d20      0x204 CMakeFiles/project.dir/home/wallidamriou/pico/pico-sdk/lib/tinyusb/src/device/usbd.c.obj
                0x0000000010005d20                tud_task
 .text._data_stage_xact
                0x0000000010005f24       0x58 CMakeFiles/project.dir/home/wallidamriou/pico/pico-sdk/lib/tinyusb/src/device/usbd_control.c.obj
 .text.tud_control_status
                0x0000000010005f7c       0x38 CMakeFiles/project.dir/home/wallidamriou/pico/pico-sdk/lib/tinyusb/src/device/usbd_control.c.obj
                0x0000000010005f7c                tud_control_status
 .text.tud_control_xfer
                0x0000000010005fb4       0xa8 CMakeFiles/project.dir/home/wallidamriou/pico/pico-sdk/lib/tinyusb/src/device/usbd_control.c.obj
                0x0000000010005fb4                tud_control_xfer
 .text.usbd_control_reset
                0x000000001000605c       0x14 CMakeFiles/project.dir/home/wallidamriou/pico/pico-sdk/lib/tinyusb/src/device/usbd_control.c.obj
                0x000000001000605c                usbd_control_reset
 .text.usbd_control_set_complete_callback
                0x0000000010006070        0xc CMakeFiles/project.dir/home/wallidamriou/pico/pico-sdk/lib/tinyusb/src/device/usbd_control.c.obj
                0x0000000010006070                usbd_control_set_complete_callback
 .text.usbd_control_set_request
                0x000000001000607c       0x1c CMakeFiles/project.dir/home/wallidamriou/pico/pico-sdk/lib/tinyusb/src/device/usbd_control.c.obj
                0x000000001000607c                usbd_control_set_request
 .text.usbd_control_xfer_cb
                0x0000000010006098       0xfc CMakeFiles/project.dir/home/wallidamriou/pico/pico-sdk/lib/tinyusb/src/device/usbd_control.c.obj
                0x0000000010006098                usbd_control_xfer_cb
 .text._prep_out_transaction
                0x0000000010006194       0x46 CMakeFiles/project.dir/home/wallidamriou/pico/pico-sdk/lib/tinyusb/src/class/cdc/cdc_device.c.obj
 *fill*         0x00000000100061da        0x2 
 .text.tud_cdc_n_connected
                0x00000000100061dc       0x44 CMakeFiles/project.dir/home/wallidamriou/pico/pico-sdk/lib/tinyusb/src/class/cdc/cdc_device.c.obj
                0x00000000100061dc                tud_cdc_n_connected
 .text.tud_cdc_n_available
                0x0000000010006220       0x18 CMakeFiles/project.dir/home/wallidamriou/pico/pico-sdk/lib/tinyusb/src/class/cdc/cdc_device.c.obj
                0x0000000010006220                tud_cdc_n_available
 .text.tud_cdc_n_read
                0x0000000010006238       0x28 CMakeFiles/project.dir/home/wallidamriou/pico/pico-sdk/lib/tinyusb/src/class/cdc/cdc_device.c.obj
                0x0000000010006238                tud_cdc_n_read
 .text.tud_cdc_n_write_flush
                0x0000000010006260       0xcc CMakeFiles/project.dir/home/wallidamriou/pico/pico-sdk/lib/tinyusb/src/class/cdc/cdc_device.c.obj
                0x0000000010006260                tud_cdc_n_write_flush
 .text.tud_cdc_n_write
                0x000000001000632c       0x38 CMakeFiles/project.dir/home/wallidamriou/pico/pico-sdk/lib/tinyusb/src/class/cdc/cdc_device.c.obj
                0x000000001000632c                tud_cdc_n_write
 .text.tud_cdc_n_write_available
                0x0000000010006364       0x1c CMakeFiles/project.dir/home/wallidamriou/pico/pico-sdk/lib/tinyusb/src/class/cdc/cdc_device.c.obj
                0x0000000010006364                tud_cdc_n_write_available
 .text.cdcd_init
                0x0000000010006380       0xbc CMakeFiles/project.dir/home/wallidamriou/pico/pico-sdk/lib/tinyusb/src/class/cdc/cdc_device.c.obj
                0x0000000010006380                cdcd_init
 .text.cdcd_reset
                0x000000001000643c       0x44 CMakeFiles/project.dir/home/wallidamriou/pico/pico-sdk/lib/tinyusb/src/class/cdc/cdc_device.c.obj
                0x000000001000643c                cdcd_reset
 .text.cdcd_open
                0x0000000010006480      0x10c CMakeFiles/project.dir/home/wallidamriou/pico/pico-sdk/lib/tinyusb/src/class/cdc/cdc_device.c.obj
                0x0000000010006480                cdcd_open
 .text.cdcd_control_xfer_cb
                0x000000001000658c      0x134 CMakeFiles/project.dir/home/wallidamriou/pico/pico-sdk/lib/tinyusb/src/class/cdc/cdc_device.c.obj
                0x000000001000658c                cdcd_control_xfer_cb
 .text.cdcd_xfer_cb
                0x00000000100066c0      0x144 CMakeFiles/project.dir/home/wallidamriou/pico/pico-sdk/lib/tinyusb/src/class/cdc/cdc_device.c.obj
                0x00000000100066c0                cdcd_xfer_cb
 .text.tusb_init
                0x0000000010006804       0x24 CMakeFiles/project.dir/home/wallidamriou/pico/pico-sdk/lib/tinyusb/src/tusb.c.obj
                0x0000000010006804                tusb_init
 .text.tusb_inited
                0x0000000010006828        0xe CMakeFiles/project.dir/home/wallidamriou/pico/pico-sdk/lib/tinyusb/src/tusb.c.obj
                0x0000000010006828                tusb_inited
 .text.advance_pointer
                0x0000000010006836       0x1e CMakeFiles/project.dir/home/wallidamriou/pico/pico-sdk/lib/tinyusb/src/common/tusb_fifo.c.obj
 .text.backward_pointer
                0x0000000010006854       0x1a CMakeFiles/project.dir/home/wallidamriou/pico/pico-sdk/lib/tinyusb/src/common/tusb_fifo.c.obj
 .text.get_relative_pointer
                0x000000001000686e       0x10 CMakeFiles/project.dir/home/wallidamriou/pico/pico-sdk/lib/tinyusb/src/common/tusb_fifo.c.obj
 .text._tu_fifo_peek
                0x000000001000687e       0x50 CMakeFiles/project.dir/home/wallidamriou/pico/pico-sdk/lib/tinyusb/src/common/tusb_fifo.c.obj
 .text._ff_pull_const_addr
                0x00000000100068ce       0x4c CMakeFiles/project.dir/home/wallidamriou/pico/pico-sdk/lib/tinyusb/src/common/tusb_fifo.c.obj
 .text._ff_pull_n
                0x000000001000691a      0x10c CMakeFiles/project.dir/home/wallidamriou/pico/pico-sdk/lib/tinyusb/src/common/tusb_fifo.c.obj
 .text._tu_fifo_peek_n
                0x0000000010006a26       0x5e CMakeFiles/project.dir/home/wallidamriou/pico/pico-sdk/lib/tinyusb/src/common/tusb_fifo.c.obj
 .text._tu_fifo_read_n
                0x0000000010006a84       0x4e CMakeFiles/project.dir/home/wallidamriou/pico/pico-sdk/lib/tinyusb/src/common/tusb_fifo.c.obj
 .text._ff_push_const_addr
                0x0000000010006ad2       0x40 CMakeFiles/project.dir/home/wallidamriou/pico/pico-sdk/lib/tinyusb/src/common/tusb_fifo.c.obj
 .text._ff_push_n
                0x0000000010006b12      0x106 CMakeFiles/project.dir/home/wallidamriou/pico/pico-sdk/lib/tinyusb/src/common/tusb_fifo.c.obj
 .text._tu_fifo_write_n
                0x0000000010006c18       0x9e CMakeFiles/project.dir/home/wallidamriou/pico/pico-sdk/lib/tinyusb/src/common/tusb_fifo.c.obj
 .text.tu_fifo_config
                0x0000000010006cb6       0x72 CMakeFiles/project.dir/home/wallidamriou/pico/pico-sdk/lib/tinyusb/src/common/tusb_fifo.c.obj
                0x0000000010006cb6                tu_fifo_config
 .text.tu_fifo_count
                0x0000000010006d28       0x26 CMakeFiles/project.dir/home/wallidamriou/pico/pico-sdk/lib/tinyusb/src/common/tusb_fifo.c.obj
                0x0000000010006d28                tu_fifo_count
 .text.tu_fifo_empty
                0x0000000010006d4e        0xe CMakeFiles/project.dir/home/wallidamriou/pico/pico-sdk/lib/tinyusb/src/common/tusb_fifo.c.obj
                0x0000000010006d4e                tu_fifo_empty
 .text.tu_fifo_remaining
                0x0000000010006d5c       0x20 CMakeFiles/project.dir/home/wallidamriou/pico/pico-sdk/lib/tinyusb/src/common/tusb_fifo.c.obj
                0x0000000010006d5c                tu_fifo_remaining
 .text.tu_fifo_read
                0x0000000010006d7c       0x42 CMakeFiles/project.dir/home/wallidamriou/pico/pico-sdk/lib/tinyusb/src/common/tusb_fifo.c.obj
                0x0000000010006d7c                tu_fifo_read
 .text.tu_fifo_read_n
                0x0000000010006dbe        0xa CMakeFiles/project.dir/home/wallidamriou/pico/pico-sdk/lib/tinyusb/src/common/tusb_fifo.c.obj
                0x0000000010006dbe                tu_fifo_read_n
 .text.tu_fifo_write
                0x0000000010006dc8       0x6c CMakeFiles/project.dir/home/wallidamriou/pico/pico-sdk/lib/tinyusb/src/common/tusb_fifo.c.obj
                0x0000000010006dc8                tu_fifo_write
 .text.tu_fifo_write_n
                0x0000000010006e34        0xa CMakeFiles/project.dir/home/wallidamriou/pico/pico-sdk/lib/tinyusb/src/common/tusb_fifo.c.obj
                0x0000000010006e34                tu_fifo_write_n
 .text.tu_fifo_clear
                0x0000000010006e3e       0x4c CMakeFiles/project.dir/home/wallidamriou/pico/pico-sdk/lib/tinyusb/src/common/tusb_fifo.c.obj
                0x0000000010006e3e                tu_fifo_clear
 .text.tu_fifo_set_overwritable
                0x0000000010006e8a       0x3c CMakeFiles/project.dir/home/wallidamriou/pico/pico-sdk/lib/tinyusb/src/common/tusb_fifo.c.obj
                0x0000000010006e8a                tu_fifo_set_overwritable
 *fill*         0x0000000010006ec6        0x2 
 .text._retrieve_unique_id_on_boot
                0x0000000010006ec8       0x10 CMakeFiles/project.dir/home/wallidamriou/pico/pico-sdk/src/rp2_common/pico_unique_id/unique_id.c.obj
 .text.pico_get_unique_board_id_string
                0x0000000010006ed8       0x60 CMakeFiles/project.dir/home/wallidamriou/pico/pico-sdk/src/rp2_common/pico_unique_id/unique_id.c.obj
                0x0000000010006ed8                pico_get_unique_board_id_string
 .text.flash_get_unique_id
                0x0000000010006f38       0x46 CMakeFiles/project.dir/home/wallidamriou/pico/pico-sdk/src/rp2_common/hardware_flash/flash.c.obj
                0x0000000010006f38                flash_get_unique_id
 *fill*         0x0000000010006f7e        0x2 
 .text          0x0000000010006f80       0x68 /usr/lib/gcc/arm-none-eabi/9.2.1/../../../arm-none-eabi/lib/thumb/v6-m/nofp/libg.a(lib_a-strlen-stub.o)
                0x0000000010006f80                strlen
 *(.fini)
 .fini          0x0000000010006fe8        0x4 /usr/lib/gcc/arm-none-eabi/9.2.1/thumb/v6-m/nofp/crti.o
                0x0000000010006fe8                _fini
 *fill*         0x0000000010006fec        0x4 
 .fini.__stub   0x0000000010006ff0       0x70 linker stubs
 *crtbegin.o(.ctors)
 *crtbegin?.o(.ctors)
 *(EXCLUDE_FILE(*crtend.o *crtend?.o) .ctors)
 *(SORT_BY_NAME(.ctors.*))
 *(.ctors)
 *crtbegin.o(.dtors)
 *crtbegin?.o(.dtors)
 *(EXCLUDE_FILE(*crtend.o *crtend?.o) .dtors)
 *(SORT_BY_NAME(.dtors.*))
 *(.dtors)
 *(.eh_frame*)
 .eh_frame      0x0000000010007060        0x0 /usr/lib/gcc/arm-none-eabi/9.2.1/thumb/v6-m/nofp/crtbegin.o
                0x0000000010007060                . = ALIGN (0x4)

.glue_7         0x0000000010007060        0x0
 .glue_7        0x0000000010007060        0x0 linker stubs

.glue_7t        0x0000000010007060        0x0
 .glue_7t       0x0000000010007060        0x0 linker stubs

.vfp11_veneer   0x0000000010007060        0x0
 .vfp11_veneer  0x0000000010007060        0x0 linker stubs

.v4_bx          0x0000000010007060        0x0
 .v4_bx         0x0000000010007060        0x0 linker stubs

.iplt           0x0000000010007060        0x0
 .iplt          0x0000000010007060        0x0 /usr/lib/gcc/arm-none-eabi/9.2.1/thumb/v6-m/nofp/crtbegin.o

.rodata         0x0000000010007060     0x1688
 *(EXCLUDE_FILE(*libm.a: *libc.a:*lib_a-mem*.o *libgcc.a:) .rodata*)
 .rodata.main.str1.4
                0x0000000010007060        0xb CMakeFiles/project.dir/main.c.obj
 *fill*         0x000000001000706b        0x1 
 .rodata.spin_lock_claim_unused.str1.4
                0x000000001000706c       0x1b CMakeFiles/project.dir/home/wallidamriou/pico/pico-sdk/src/rp2_common/hardware_sync/sync.c.obj
 *fill*         0x0000000010007087        0x1 
 .rodata.repeating_timer_callback.str1.4
                0x0000000010007088       0x51 CMakeFiles/project.dir/home/wallidamriou/pico/pico-sdk/src/common/pico_time/time.c.obj
 *fill*         0x00000000100070d9        0x3 
 .rodata.alarm_pool_dump_key.str1.4
                0x00000000100070dc       0x33 CMakeFiles/project.dir/home/wallidamriou/pico/pico-sdk/src/common/pico_time/time.c.obj
 *fill*         0x000000001000710f        0x1 
 .rodata.ph_add_child_node.str1.4
                0x0000000010007110       0x9a CMakeFiles/project.dir/home/wallidamriou/pico/pico-sdk/src/common/pico_time/time.c.obj
 *fill*         0x00000000100071aa        0x2 
 .rodata.add_alarm_under_lock.str1.4
                0x00000000100071ac       0x28 CMakeFiles/project.dir/home/wallidamriou/pico/pico-sdk/src/common/pico_time/time.c.obj
                                         0x2b (size before relaxing)
 .rodata.alarm_pool_alarm_callback.str1.4
                0x00000000100071d4       0xea CMakeFiles/project.dir/home/wallidamriou/pico/pico-sdk/src/common/pico_time/time.c.obj
 *fill*         0x00000000100072be        0x2 
 .rodata.alarm_pool_get_default.str1.4
                0x00000000100072c0       0x21 CMakeFiles/project.dir/home/wallidamriou/pico/pico-sdk/src/common/pico_time/time.c.obj
 *fill*         0x00000000100072e1        0x3 
 .rodata.alarm_pool_cancel_alarm.str1.4
                0x00000000100072e4       0x27 CMakeFiles/project.dir/home/wallidamriou/pico/pico-sdk/src/common/pico_time/time.c.obj
 *fill*         0x000000001000730b        0x1 
 .rodata.sleep_until.str1.4
                0x000000001000730c       0x4d CMakeFiles/project.dir/home/wallidamriou/pico/pico-sdk/src/common/pico_time/time.c.obj
 *fill*         0x0000000010007359        0x3 
 .rodata.__func__.5701
                0x000000001000735c       0x15 CMakeFiles/project.dir/home/wallidamriou/pico/pico-sdk/src/common/pico_time/time.c.obj
 *fill*         0x0000000010007371        0x3 
 .rodata.__func__.6002
                0x0000000010007374        0xc CMakeFiles/project.dir/home/wallidamriou/pico/pico-sdk/src/common/pico_time/time.c.obj
 .rodata.__func__.6009
                0x0000000010007380       0x12 CMakeFiles/project.dir/home/wallidamriou/pico/pico-sdk/src/common/pico_time/time.c.obj
 *fill*         0x0000000010007392        0x2 
 .rodata.__func__.6025
                0x0000000010007394        0xf CMakeFiles/project.dir/home/wallidamriou/pico/pico-sdk/src/common/pico_time/time.c.obj
 *fill*         0x00000000100073a3        0x1 
 .rodata.__func__.6047
                0x00000000100073a4        0xd CMakeFiles/project.dir/home/wallidamriou/pico/pico-sdk/src/common/pico_time/time.c.obj
 *fill*         0x00000000100073b1        0x3 
 .rodata.__func__.6248
                0x00000000100073b4        0xa CMakeFiles/project.dir/home/wallidamriou/pico/pico-sdk/src/common/pico_time/time.c.obj
 *fill*         0x00000000100073be        0x2 
 .rodata.__func__.6253
                0x00000000100073c0       0x12 CMakeFiles/project.dir/home/wallidamriou/pico/pico-sdk/src/common/pico_time/time.c.obj
 *fill*         0x00000000100073d2        0x2 
 .rodata.__func__.6268
                0x00000000100073d4       0x17 CMakeFiles/project.dir/home/wallidamriou/pico/pico-sdk/src/common/pico_time/time.c.obj
 *fill*         0x00000000100073eb        0x1 
 .rodata.__func__.6279
                0x00000000100073ec       0x15 CMakeFiles/project.dir/home/wallidamriou/pico/pico-sdk/src/common/pico_time/time.c.obj
 *fill*         0x0000000010007401        0x3 
 .rodata.__func__.6296
                0x0000000010007404       0x1a CMakeFiles/project.dir/home/wallidamriou/pico/pico-sdk/src/common/pico_time/time.c.obj
 *fill*         0x000000001000741e        0x2 
 .rodata.__func__.6335
                0x0000000010007420       0x18 CMakeFiles/project.dir/home/wallidamriou/pico/pico-sdk/src/common/pico_time/time.c.obj
 .rodata.hardware_alarm_claim.str1.4
                0x0000000010007438       0x22 CMakeFiles/project.dir/home/wallidamriou/pico/pico-sdk/src/rp2_common/hardware_timer/timer.c.obj
 *fill*         0x000000001000745a        0x2 
 .rodata.hardware_alarm_set_target.str1.4
                0x000000001000745c       0x6b CMakeFiles/project.dir/home/wallidamriou/pico/pico-sdk/src/rp2_common/hardware_timer/timer.c.obj
 *fill*         0x00000000100074c7        0x1 
 .rodata.__func__.4548
                0x00000000100074c8       0x1a CMakeFiles/project.dir/home/wallidamriou/pico/pico-sdk/src/rp2_common/hardware_timer/timer.c.obj
 *fill*         0x00000000100074e2        0x2 
 .rodata.str1.4
                0x00000000100074e4       0xb9 CMakeFiles/project.dir/home/wallidamriou/pico/pico-sdk/src/common/pico_sync/mutex.c.obj
                                        0x121 (size before relaxing)
 *fill*         0x000000001000759d        0x3 
 .rodata.__func__.4193
                0x00000000100075a0       0x15 CMakeFiles/project.dir/home/wallidamriou/pico/pico-sdk/src/common/pico_sync/mutex.c.obj
 *fill*         0x00000000100075b5        0x3 
 .rodata.__func__.4610
                0x00000000100075b8       0x15 CMakeFiles/project.dir/home/wallidamriou/pico/pico-sdk/src/common/pico_sync/mutex.c.obj
 *fill*         0x00000000100075cd        0x3 
 .rodata.__func__.4635
                0x00000000100075d0       0x18 CMakeFiles/project.dir/home/wallidamriou/pico/pico-sdk/src/common/pico_sync/mutex.c.obj
 .rodata.__func__.4645
                0x00000000100075e8        0xb CMakeFiles/project.dir/home/wallidamriou/pico/pico-sdk/src/common/pico_sync/mutex.c.obj
 .rodata.ph_add_child_node.str1.4
                0x00000000100075f3       0x9a CMakeFiles/project.dir/home/wallidamriou/pico/pico-sdk/src/common/pico_util/pheap.c.obj
 *fill*         0x00000000100075f3        0x1 
 .rodata.ph_remove_any_head.str1.4
                0x00000000100075f4       0x94 CMakeFiles/project.dir/home/wallidamriou/pico/pico-sdk/src/common/pico_util/pheap.c.obj
 .rodata.ph_remove_and_free_node.str1.4
                0x0000000010007688       0x26 CMakeFiles/project.dir/home/wallidamriou/pico/pico-sdk/src/common/pico_util/pheap.c.obj
 *fill*         0x00000000100076ae        0x2 
 .rodata.__func__.5708
                0x00000000100076b0        0xc CMakeFiles/project.dir/home/wallidamriou/pico/pico-sdk/src/common/pico_util/pheap.c.obj
 .rodata.__func__.5715
                0x00000000100076bc       0x12 CMakeFiles/project.dir/home/wallidamriou/pico/pico-sdk/src/common/pico_util/pheap.c.obj
 *fill*         0x00000000100076ce        0x2 
 .rodata.__func__.5801
                0x00000000100076d0       0x13 CMakeFiles/project.dir/home/wallidamriou/pico/pico-sdk/src/common/pico_util/pheap.c.obj
 *fill*         0x00000000100076e3        0x1 
 .rodata.__func__.5819
                0x00000000100076e4       0x18 CMakeFiles/project.dir/home/wallidamriou/pico/pico-sdk/src/common/pico_util/pheap.c.obj
 .rodata.__assert_func.str1.4
                0x00000000100076fc       0x3f CMakeFiles/project.dir/home/wallidamriou/pico/pico-sdk/src/rp2_common/pico_runtime/runtime.c.obj
                                         0x43 (size before relaxing)
 *fill*         0x000000001000773b        0x1 
 .rodata.panic.str1.4
                0x000000001000773c       0x12 CMakeFiles/project.dir/home/wallidamriou/pico/pico-sdk/src/rp2_common/pico_runtime/runtime.c.obj
 *fill*         0x000000001000774e        0x2 
 .rodata.clock_configure.str1.4
                0x0000000010007750       0x5d CMakeFiles/project.dir/home/wallidamriou/pico/pico-sdk/src/rp2_common/hardware_clocks/clocks.c.obj
 *fill*         0x00000000100077ad        0x3 
 .rodata.__func__.4667
                0x00000000100077b0       0x10 CMakeFiles/project.dir/home/wallidamriou/pico/pico-sdk/src/rp2_common/hardware_clocks/clocks.c.obj
 .rodata.make_branch.str1.4
                0x00000000100077c0       0x53 CMakeFiles/project.dir/home/wallidamriou/pico/pico-sdk/src/rp2_common/hardware_irq/irq.c.obj
 *fill*         0x0000000010007813        0x1 
 .rodata.irq_set_exclusive_handler.str1.4
                0x0000000010007814       0x36 CMakeFiles/project.dir/home/wallidamriou/pico/pico-sdk/src/rp2_common/hardware_irq/irq.c.obj
 *fill*         0x000000001000784a        0x2 
 .rodata.irq_add_shared_handler.str1.4
                0x000000001000784c       0xd9 CMakeFiles/project.dir/home/wallidamriou/pico/pico-sdk/src/rp2_common/hardware_irq/irq.c.obj
 *fill*         0x0000000010007925        0x3 
 .rodata.irq_remove_handler.str1.4
                0x0000000010007928       0x2a CMakeFiles/project.dir/home/wallidamriou/pico/pico-sdk/src/rp2_common/hardware_irq/irq.c.obj
 *fill*         0x0000000010007952        0x2 
 .rodata.irq_add_tail_to_free_list.str1.4
                0x0000000010007954       0x32 CMakeFiles/project.dir/home/wallidamriou/pico/pico-sdk/src/rp2_common/hardware_irq/irq.c.obj
                                         0x3a (size before relaxing)
 *fill*         0x0000000010007986        0x2 
 .rodata.__func__.4703
                0x0000000010007988       0x1a CMakeFiles/project.dir/home/wallidamriou/pico/pico-sdk/src/rp2_common/hardware_irq/irq.c.obj
 *fill*         0x00000000100079a2        0x2 
 .rodata.__func__.4717
                0x00000000100079a4        0xc CMakeFiles/project.dir/home/wallidamriou/pico/pico-sdk/src/rp2_common/hardware_irq/irq.c.obj
 .rodata.__func__.4725
                0x00000000100079b0       0x17 CMakeFiles/project.dir/home/wallidamriou/pico/pico-sdk/src/rp2_common/hardware_irq/irq.c.obj
 *fill*         0x00000000100079c7        0x1 
 .rodata.__func__.4729
                0x00000000100079c8        0xf CMakeFiles/project.dir/home/wallidamriou/pico/pico-sdk/src/rp2_common/hardware_irq/irq.c.obj
 *fill*         0x00000000100079d7        0x1 
 .rodata.__func__.4768
                0x00000000100079d8       0x13 CMakeFiles/project.dir/home/wallidamriou/pico/pico-sdk/src/rp2_common/hardware_irq/irq.c.obj
 *fill*         0x00000000100079eb        0x1 
 .rodata.__func__.4787
                0x00000000100079ec       0x1a CMakeFiles/project.dir/home/wallidamriou/pico/pico-sdk/src/rp2_common/hardware_irq/irq.c.obj
 *fill*         0x0000000010007a06        0x2 
 .rodata.pll_init.str1.4
                0x0000000010007a08       0xdf CMakeFiles/project.dir/home/wallidamriou/pico/pico-sdk/src/rp2_common/hardware_pll/pll.c.obj
 *fill*         0x0000000010007ae7        0x1 
 .rodata.__func__.4402
                0x0000000010007ae8        0x9 CMakeFiles/project.dir/home/wallidamriou/pico/pico-sdk/src/rp2_common/hardware_pll/pll.c.obj
 *fill*         0x0000000010007af1        0x3 
 .rodata._ftoa.str1.4
                0x0000000010007af4       0x15 CMakeFiles/project.dir/home/wallidamriou/pico/pico-sdk/src/rp2_common/pico_printf/printf.c.obj
 *fill*         0x0000000010007b09        0x3 
 .rodata._vsnprintf
                0x0000000010007b0c      0x1e0 CMakeFiles/project.dir/home/wallidamriou/pico/pico-sdk/src/rp2_common/pico_printf/printf.c.obj
 *fill*         0x0000000010007cec        0x4 
 .rodata.pow10.5422
                0x0000000010007cf0       0x50 CMakeFiles/project.dir/home/wallidamriou/pico/pico-sdk/src/rp2_common/pico_printf/printf.c.obj
 .rodata.__aeabi_double_init.str1.4
                0x0000000010007d40       0xae CMakeFiles/project.dir/home/wallidamriou/pico/pico-sdk/src/rp2_common/pico_double/double_init_rom.c.obj
 *fill*         0x0000000010007dee        0x2 
 .rodata.__func__.4668
                0x0000000010007df0       0x14 CMakeFiles/project.dir/home/wallidamriou/pico/pico-sdk/src/rp2_common/pico_double/double_init_rom.c.obj
 .rodata.__aeabi_float_init.str1.4
                0x0000000010007e04       0x80 CMakeFiles/project.dir/home/wallidamriou/pico/pico-sdk/src/rp2_common/pico_float/float_init_rom.c.obj
                                         0x84 (size before relaxing)
 .rodata.__func__.4670
                0x0000000010007e84       0x13 CMakeFiles/project.dir/home/wallidamriou/pico/pico-sdk/src/rp2_common/pico_float/float_init_rom.c.obj
 *fill*         0x0000000010007e97        0x1 
 .rodata.str1.4
                0x0000000010007e98       0x3c CMakeFiles/project.dir/home/wallidamriou/pico/pico-sdk/src/rp2_common/pico_standard_link/binary_info.c.obj
 .rodata.__bi_44
                0x0000000010007ed4        0xc CMakeFiles/project.dir/home/wallidamriou/pico/pico-sdk/src/rp2_common/pico_standard_link/binary_info.c.obj
 .rodata.__bi_75
                0x0000000010007ee0        0xc CMakeFiles/project.dir/home/wallidamriou/pico/pico-sdk/src/rp2_common/pico_standard_link/binary_info.c.obj
 .rodata.__bi_81
                0x0000000010007eec        0xc CMakeFiles/project.dir/home/wallidamriou/pico/pico-sdk/src/rp2_common/pico_standard_link/binary_info.c.obj
 .rodata.crlf_str.5862
                0x0000000010007ef8        0x2 CMakeFiles/project.dir/home/wallidamriou/pico/pico-sdk/src/rp2_common/pico_stdio/stdio.c.obj
 *fill*         0x0000000010007efa        0x2 
 .rodata._resetd_driver
                0x0000000010007efc       0x18 CMakeFiles/project.dir/home/wallidamriou/pico/pico-sdk/src/rp2_common/pico_stdio_usb/reset_interface.c.obj
 .rodata.stdio_usb_init.str1.4
                0x0000000010007f14       0x67 CMakeFiles/project.dir/home/wallidamriou/pico/pico-sdk/src/rp2_common/pico_stdio_usb/stdio_usb.c.obj
 .rodata.str1.4
                0x0000000010007f14       0x13 CMakeFiles/project.dir/home/wallidamriou/pico/pico-sdk/src/rp2_common/pico_stdio_usb/stdio_usb.c.obj
 *fill*         0x0000000010007f27        0x1 
 .rodata.__bi_93.7154
                0x0000000010007f28        0xc CMakeFiles/project.dir/home/wallidamriou/pico/pico-sdk/src/rp2_common/pico_stdio_usb/stdio_usb.c.obj
 .rodata.__func__.5424
                0x0000000010007f34       0x15 CMakeFiles/project.dir/home/wallidamriou/pico/pico-sdk/src/rp2_common/pico_stdio_usb/stdio_usb.c.obj
 *fill*         0x0000000010007f49        0x3 
 .rodata.str1.4
                0x0000000010007f4c       0x2a CMakeFiles/project.dir/home/wallidamriou/pico/pico-sdk/src/rp2_common/pico_stdio_usb/stdio_usb_descriptors.c.obj
 *fill*         0x0000000010007f76        0x2 
 .rodata.usbd_desc_cfg
                0x0000000010007f78       0x54 CMakeFiles/project.dir/home/wallidamriou/pico/pico-sdk/src/rp2_common/pico_stdio_usb/stdio_usb_descriptors.c.obj
 .rodata.usbd_desc_device
                0x0000000010007fcc       0x12 CMakeFiles/project.dir/home/wallidamriou/pico/pico-sdk/src/rp2_common/pico_stdio_usb/stdio_usb_descriptors.c.obj
 *fill*         0x0000000010007fde        0x2 
 .rodata.usbd_desc_str
                0x0000000010007fe0       0x18 CMakeFiles/project.dir/home/wallidamriou/pico/pico-sdk/src/rp2_common/pico_stdio_usb/stdio_usb_descriptors.c.obj
 .rodata._hw_endpoint_alloc.str1.4
                0x0000000010007ff8       0xbd CMakeFiles/project.dir/home/wallidamriou/pico/pico-sdk/lib/tinyusb/src/portable/raspberrypi/rp2040/dcd_rp2040.c.obj
 *fill*         0x00000000100080b5        0x3 
 .rodata._hw_endpoint_init.str1.4
                0x00000000100080b8       0x28 CMakeFiles/project.dir/home/wallidamriou/pico/pico-sdk/lib/tinyusb/src/portable/raspberrypi/rp2040/dcd_rp2040.c.obj
 .rodata.hw_handle_buff_status.str1.4
                0x00000000100080e0        0xb CMakeFiles/project.dir/home/wallidamriou/pico/pico-sdk/lib/tinyusb/src/portable/raspberrypi/rp2040/dcd_rp2040.c.obj
 *fill*         0x00000000100080eb        0x1 
 .rodata.dcd_rp2040_irq.str1.4
                0x00000000100080ec       0x14 CMakeFiles/project.dir/home/wallidamriou/pico/pico-sdk/lib/tinyusb/src/portable/raspberrypi/rp2040/dcd_rp2040.c.obj
 .rodata._hw_endpoint_stall.str1.4
                0x0000000010008100        0xd CMakeFiles/project.dir/home/wallidamriou/pico/pico-sdk/lib/tinyusb/src/portable/raspberrypi/rp2040/dcd_rp2040.c.obj
 *fill*         0x000000001000810d        0x3 
 .rodata.dcd_int_enable.str1.4
                0x0000000010008110        0xc CMakeFiles/project.dir/home/wallidamriou/pico/pico-sdk/lib/tinyusb/src/portable/raspberrypi/rp2040/dcd_rp2040.c.obj
 .rodata.__func__.6859
                0x000000001000811c       0x13 CMakeFiles/project.dir/home/wallidamriou/pico/pico-sdk/lib/tinyusb/src/portable/raspberrypi/rp2040/dcd_rp2040.c.obj
 *fill*         0x000000001000812f        0x1 
 .rodata.__func__.6890
                0x0000000010008130       0x16 CMakeFiles/project.dir/home/wallidamriou/pico/pico-sdk/lib/tinyusb/src/portable/raspberrypi/rp2040/dcd_rp2040.c.obj
 *fill*         0x0000000010008146        0x2 
 .rodata.__func__.6911
                0x0000000010008148       0x13 CMakeFiles/project.dir/home/wallidamriou/pico/pico-sdk/lib/tinyusb/src/portable/raspberrypi/rp2040/dcd_rp2040.c.obj
 *fill*         0x000000001000815b        0x1 
 .rodata.__func__.6932
                0x000000001000815c        0x9 CMakeFiles/project.dir/home/wallidamriou/pico/pico-sdk/lib/tinyusb/src/portable/raspberrypi/rp2040/dcd_rp2040.c.obj
 *fill*         0x0000000010008165        0x3 
 .rodata.__func__.6936
                0x0000000010008168        0xf CMakeFiles/project.dir/home/wallidamriou/pico/pico-sdk/lib/tinyusb/src/portable/raspberrypi/rp2040/dcd_rp2040.c.obj
 *fill*         0x0000000010008177        0x1 
 .rodata.__func__.6945
                0x0000000010008178       0x10 CMakeFiles/project.dir/home/wallidamriou/pico/pico-sdk/lib/tinyusb/src/portable/raspberrypi/rp2040/dcd_rp2040.c.obj
 .rodata.__func__.6957
                0x0000000010008188        0xc CMakeFiles/project.dir/home/wallidamriou/pico/pico-sdk/lib/tinyusb/src/portable/raspberrypi/rp2040/dcd_rp2040.c.obj
 .rodata.__func__.6962
                0x0000000010008194       0x1a CMakeFiles/project.dir/home/wallidamriou/pico/pico-sdk/lib/tinyusb/src/portable/raspberrypi/rp2040/dcd_rp2040.c.obj
 *fill*         0x00000000100081ae        0x2 
 .rodata.__func__.6967
                0x00000000100081b0        0xe CMakeFiles/project.dir/home/wallidamriou/pico/pico-sdk/lib/tinyusb/src/portable/raspberrypi/rp2040/dcd_rp2040.c.obj
 *fill*         0x00000000100081be        0x2 
 .rodata.__func__.6974
                0x00000000100081c0        0xe CMakeFiles/project.dir/home/wallidamriou/pico/pico-sdk/lib/tinyusb/src/portable/raspberrypi/rp2040/dcd_rp2040.c.obj
 *fill*         0x00000000100081ce        0x2 
 .rodata.__func__.6979
                0x00000000100081d0        0xf CMakeFiles/project.dir/home/wallidamriou/pico/pico-sdk/lib/tinyusb/src/portable/raspberrypi/rp2040/dcd_rp2040.c.obj
 *fill*         0x00000000100081df        0x1 
 .rodata.__func__.6984
                0x00000000100081e0       0x15 CMakeFiles/project.dir/home/wallidamriou/pico/pico-sdk/lib/tinyusb/src/portable/raspberrypi/rp2040/dcd_rp2040.c.obj
 *fill*         0x00000000100081f5        0x3 
 .rodata._hw_endpoint_buffer_control_update32.str1.4
                0x00000000100081f8       0x1f CMakeFiles/project.dir/home/wallidamriou/pico/pico-sdk/lib/tinyusb/src/portable/raspberrypi/rp2040/rp2040_usb.c.obj
 *fill*         0x0000000010008217        0x1 
 .rodata._hw_endpoint_xfer_sync.str1.4
                0x0000000010008218       0x99 CMakeFiles/project.dir/home/wallidamriou/pico/pico-sdk/lib/tinyusb/src/portable/raspberrypi/rp2040/rp2040_usb.c.obj
 *fill*         0x00000000100082b1        0x3 
 .rodata._hw_endpoint_xfer_continue.str1.4
                0x00000000100082b4       0x50 CMakeFiles/project.dir/home/wallidamriou/pico/pico-sdk/lib/tinyusb/src/portable/raspberrypi/rp2040/rp2040_usb.c.obj
 .rodata._hw_endpoint_xfer.str1.4
                0x0000000010008304        0xf CMakeFiles/project.dir/home/wallidamriou/pico/pico-sdk/lib/tinyusb/src/portable/raspberrypi/rp2040/rp2040_usb.c.obj
 *fill*         0x0000000010008313        0x1 
 .rodata.str1.4
                0x0000000010008314        0x7 CMakeFiles/project.dir/home/wallidamriou/pico/pico-sdk/lib/tinyusb/src/portable/raspberrypi/rp2040/rp2040_usb.c.obj
 *fill*         0x000000001000831b        0x1 
 .rodata.__func__.6638
                0x000000001000831c       0x17 CMakeFiles/project.dir/home/wallidamriou/pico/pico-sdk/lib/tinyusb/src/portable/raspberrypi/rp2040/rp2040_usb.c.obj
 *fill*         0x0000000010008333        0x1 
 .rodata.__func__.6649
                0x0000000010008334       0x12 CMakeFiles/project.dir/home/wallidamriou/pico/pico-sdk/lib/tinyusb/src/portable/raspberrypi/rp2040/rp2040_usb.c.obj
 *fill*         0x0000000010008346        0x2 
 .rodata.process_set_config.str1.4
                0x0000000010008348       0x17 CMakeFiles/project.dir/home/wallidamriou/pico/pico-sdk/lib/tinyusb/src/device/usbd.c.obj
 *fill*         0x000000001000835f        0x1 
 .rodata.process_get_descriptor
                0x0000000010008360       0x40 CMakeFiles/project.dir/home/wallidamriou/pico/pico-sdk/lib/tinyusb/src/device/usbd.c.obj
 .rodata.process_control_request
                0x00000000100083a0       0x28 CMakeFiles/project.dir/home/wallidamriou/pico/pico-sdk/lib/tinyusb/src/device/usbd.c.obj
 .rodata.tud_task
                0x00000000100083c8       0x24 CMakeFiles/project.dir/home/wallidamriou/pico/pico-sdk/lib/tinyusb/src/device/usbd.c.obj
 .rodata.__func__.6512
                0x00000000100083ec       0x10 CMakeFiles/project.dir/home/wallidamriou/pico/pico-sdk/lib/tinyusb/src/device/usbd.c.obj
 .rodata.__func__.7306
                0x00000000100083fc        0x9 CMakeFiles/project.dir/home/wallidamriou/pico/pico-sdk/lib/tinyusb/src/device/usbd.c.obj
 *fill*         0x0000000010008405        0x3 
 .rodata.__func__.7327
                0x0000000010008408       0x18 CMakeFiles/project.dir/home/wallidamriou/pico/pico-sdk/lib/tinyusb/src/device/usbd.c.obj
 .rodata.__func__.7365
                0x0000000010008420       0x13 CMakeFiles/project.dir/home/wallidamriou/pico/pico-sdk/lib/tinyusb/src/device/usbd.c.obj
 *fill*         0x0000000010008433        0x1 
 .rodata.__func__.7408
                0x0000000010008434       0x17 CMakeFiles/project.dir/home/wallidamriou/pico/pico-sdk/lib/tinyusb/src/device/usbd.c.obj
 *fill*         0x000000001000844b        0x1 
 .rodata.__func__.7462
                0x000000001000844c       0x14 CMakeFiles/project.dir/home/wallidamriou/pico/pico-sdk/lib/tinyusb/src/device/usbd.c.obj
 .rodata.__func__.7478
                0x0000000010008460        0xf CMakeFiles/project.dir/home/wallidamriou/pico/pico-sdk/lib/tinyusb/src/device/usbd.c.obj
 *fill*         0x000000001000846f        0x1 
 .rodata.__func__.7506
                0x0000000010008470        0xf CMakeFiles/project.dir/home/wallidamriou/pico/pico-sdk/lib/tinyusb/src/device/usbd.c.obj
 *fill*         0x000000001000847f        0x1 
 .rodata._usbd_driver
                0x0000000010008480       0x18 CMakeFiles/project.dir/home/wallidamriou/pico/pico-sdk/lib/tinyusb/src/device/usbd.c.obj
 .rodata.tud_control_xfer.str1.4
                0x0000000010008498       0x17 CMakeFiles/project.dir/home/wallidamriou/pico/pico-sdk/lib/tinyusb/src/device/usbd_control.c.obj
 .rodata.__func__.7219
                0x0000000010008498       0x11 CMakeFiles/project.dir/home/wallidamriou/pico/pico-sdk/lib/tinyusb/src/device/usbd_control.c.obj
 *fill*         0x00000000100084a9        0x3 
 .rodata.__func__.7246
                0x00000000100084ac       0x15 CMakeFiles/project.dir/home/wallidamriou/pico/pico-sdk/lib/tinyusb/src/device/usbd_control.c.obj
 .rodata.tud_cdc_n_write_flush.str1.4
                0x00000000100084c1       0x17 CMakeFiles/project.dir/home/wallidamriou/pico/pico-sdk/lib/tinyusb/src/class/cdc/cdc_device.c.obj
 *fill*         0x00000000100084c1        0x3 
 .rodata.__func__.7157
                0x00000000100084c4       0x16 CMakeFiles/project.dir/home/wallidamriou/pico/pico-sdk/lib/tinyusb/src/class/cdc/cdc_device.c.obj
 *fill*         0x00000000100084da        0x2 
 .rodata.__func__.7190
                0x00000000100084dc        0xa CMakeFiles/project.dir/home/wallidamriou/pico/pico-sdk/lib/tinyusb/src/class/cdc/cdc_device.c.obj
 *fill*         0x00000000100084e6        0x2 
 .rodata.__func__.7224
                0x00000000100084e8        0xd CMakeFiles/project.dir/home/wallidamriou/pico/pico-sdk/lib/tinyusb/src/class/cdc/cdc_device.c.obj
 .rodata.tusb_init.str1.4
                0x00000000100084f5       0x17 CMakeFiles/project.dir/home/wallidamriou/pico/pico-sdk/lib/tinyusb/src/tusb.c.obj
 *fill*         0x00000000100084f5        0x3 
 .rodata.__func__.7094
                0x00000000100084f8        0xa CMakeFiles/project.dir/home/wallidamriou/pico/pico-sdk/lib/tinyusb/src/tusb.c.obj
 *fill*         0x0000000010008502        0x2 
 .rodata.pico_get_unique_board_id_string.str1.4
                0x0000000010008504       0x53 CMakeFiles/project.dir/home/wallidamriou/pico/pico-sdk/src/rp2_common/pico_unique_id/unique_id.c.obj
 *fill*         0x0000000010008557        0x1 
 .rodata.__func__.4287
                0x0000000010008558       0x20 CMakeFiles/project.dir/home/wallidamriou/pico/pico-sdk/src/rp2_common/pico_unique_id/unique_id.c.obj
 .rodata.str1.4
                0x0000000010008578      0x15e CMakeFiles/project.dir/home/wallidamriou/pico/pico-sdk/src/rp2_common/hardware_flash/flash.c.obj
 *fill*         0x00000000100086d6        0x2 
 .rodata.__func__.4428
                0x00000000100086d8        0xd CMakeFiles/project.dir/home/wallidamriou/pico/pico-sdk/src/rp2_common/hardware_flash/flash.c.obj
                0x00000000100086e8                . = ALIGN (0x4)
 *fill*         0x00000000100086e5        0x3 
 *(SORT_BY_ALIGNMENT(SORT_BY_NAME(.flashdata*)))
                0x00000000100086e8                . = ALIGN (0x4)

.rel.dyn        0x00000000100086e8        0x0
 .rel.iplt      0x00000000100086e8        0x0 /usr/lib/gcc/arm-none-eabi/9.2.1/thumb/v6-m/nofp/crtbegin.o

.ARM.extab
 *(.ARM.extab* .gnu.linkonce.armextab.*)
                0x00000000100086e8                __exidx_start = .

.ARM.exidx
 *(.ARM.exidx* .gnu.linkonce.armexidx.*)
                0x00000000100086e8                __exidx_end = .
                0x00000000100086e8                . = ALIGN (0x4)
                0x00000000100086e8                __binary_info_start = .

.binary_info    0x00000000100086e8       0x20
 *(.binary_info.keep.*)
 .binary_info.keep.__bi_ptr22
                0x00000000100086e8        0x4 CMakeFiles/project.dir/home/wallidamriou/pico/pico-sdk/src/rp2_common/pico_standard_link/binary_info.c.obj
 .binary_info.keep.__bi_ptr30
                0x00000000100086ec        0x4 CMakeFiles/project.dir/home/wallidamriou/pico/pico-sdk/src/rp2_common/pico_standard_link/binary_info.c.obj
 .binary_info.keep.__bi_ptr38
                0x00000000100086f0        0x4 CMakeFiles/project.dir/home/wallidamriou/pico/pico-sdk/src/rp2_common/pico_standard_link/binary_info.c.obj
 .binary_info.keep.__bi_ptr44
                0x00000000100086f4        0x4 CMakeFiles/project.dir/home/wallidamriou/pico/pico-sdk/src/rp2_common/pico_standard_link/binary_info.c.obj
 .binary_info.keep.__bi_ptr50
                0x00000000100086f8        0x4 CMakeFiles/project.dir/home/wallidamriou/pico/pico-sdk/src/rp2_common/pico_standard_link/binary_info.c.obj
 .binary_info.keep.__bi_ptr75
                0x00000000100086fc        0x4 CMakeFiles/project.dir/home/wallidamriou/pico/pico-sdk/src/rp2_common/pico_standard_link/binary_info.c.obj
 .binary_info.keep.__bi_ptr81
                0x0000000010008700        0x4 CMakeFiles/project.dir/home/wallidamriou/pico/pico-sdk/src/rp2_common/pico_standard_link/binary_info.c.obj
 *(.binary_info.*)
 .binary_info.__bi_ptr93
                0x0000000010008704        0x4 CMakeFiles/project.dir/home/wallidamriou/pico/pico-sdk/src/rp2_common/pico_stdio_usb/stdio_usb.c.obj
                0x0000000010008708                __binary_info_end = .
                0x0000000010008708                . = ALIGN (0x4)
                0x0000000010008708                __etext = .

.ram_vector_table
                0x0000000020000000       0xc0
 *(.ram_vector_table)
 .ram_vector_table
                0x0000000020000000       0xc0 CMakeFiles/project.dir/home/wallidamriou/pico/pico-sdk/src/rp2_common/pico_runtime/runtime.c.obj
                0x0000000020000000                ram_vector_table

.data           0x00000000200000c0      0x500 load address 0x0000000010008708
                0x00000000200000c0                __data_start__ = .
 *(vtable)
 *(.time_critical*)
 .time_critical.mutex_enter_blocking
                0x00000000200000c0       0x94 CMakeFiles/project.dir/home/wallidamriou/pico/pico-sdk/src/common/pico_sync/mutex.c.obj
                0x00000000200000c0                mutex_enter_blocking
 .time_critical.mutex_try_enter
                0x0000000020000154       0x5a CMakeFiles/project.dir/home/wallidamriou/pico/pico-sdk/src/common/pico_sync/mutex.c.obj
                0x0000000020000154                mutex_try_enter
 *fill*         0x00000000200001ae        0x2 
 .time_critical.mutex_enter_block_until
                0x00000000200001b0       0x8c CMakeFiles/project.dir/home/wallidamriou/pico/pico-sdk/src/common/pico_sync/mutex.c.obj
                0x00000000200001b0                mutex_enter_block_until
 .time_critical.mutex_enter_timeout_ms
                0x000000002000023c       0x78 CMakeFiles/project.dir/home/wallidamriou/pico/pico-sdk/src/common/pico_sync/mutex.c.obj
                0x000000002000023c                mutex_enter_timeout_ms
 .time_critical.mutex_exit
                0x00000000200002b4       0x94 CMakeFiles/project.dir/home/wallidamriou/pico/pico-sdk/src/common/pico_sync/mutex.c.obj
                0x00000000200002b4                mutex_exit
 .time_critical.flash_init_boot2_copyout
                0x0000000020000348       0x30 CMakeFiles/project.dir/home/wallidamriou/pico/pico-sdk/src/rp2_common/hardware_flash/flash.c.obj
 .time_critical.flash_enable_xip_via_boot2
                0x0000000020000378       0x10 CMakeFiles/project.dir/home/wallidamriou/pico/pico-sdk/src/rp2_common/hardware_flash/flash.c.obj
 .time_critical.flash_cs_force
                0x0000000020000388       0x28 CMakeFiles/project.dir/home/wallidamriou/pico/pico-sdk/src/rp2_common/hardware_flash/flash.c.obj
 .time_critical.flash_do_cmd
                0x00000000200003b0       0xc0 CMakeFiles/project.dir/home/wallidamriou/pico/pico-sdk/src/rp2_common/hardware_flash/flash.c.obj
                0x00000000200003b0                flash_do_cmd
 *(.text*)
 .text          0x0000000020000470        0x4 /usr/lib/gcc/arm-none-eabi/9.2.1/thumb/v6-m/nofp/libgcc.a(_dvmd_tls.o)
                0x0000000020000470                __aeabi_ldiv0
                0x0000000020000470                __aeabi_idiv0
 *fill*         0x0000000020000474        0x4 
 .text.__stub   0x0000000020000478       0x50 linker stubs
                0x00000000200004c8                . = ALIGN (0x4)
 *(.rodata*)
                0x00000000200004c8                . = ALIGN (0x4)
 *(.data*)
 .data.striped_spin_lock_num
                0x00000000200004c8        0x1 CMakeFiles/project.dir/home/wallidamriou/pico/pico-sdk/src/rp2_common/hardware_sync/sync.c.obj
 *fill*         0x00000000200004c9        0x3 
 .data.default_alarm_pool
                0x00000000200004cc       0x18 CMakeFiles/project.dir/home/wallidamriou/pico/pico-sdk/src/common/pico_time/time.c.obj
 .data.default_alarm_pool_heap
                0x00000000200004e4       0x10 CMakeFiles/project.dir/home/wallidamriou/pico/pico-sdk/src/common/pico_time/time.c.obj
 .data          0x00000000200004f4       0x48 CMakeFiles/project.dir/home/wallidamriou/pico/pico-sdk/src/rp2_common/hardware_irq/irq_handler_chain.S.obj
                0x00000000200004f4                irq_handler_chain_slots
                0x0000000020000524                irq_handler_chain_first_slot
                0x000000002000052e                irq_handler_chain_remove_tail
 *fill*         0x000000002000053c        0x4 
 .data.aeabi_bits_funcs
                0x0000000020000540       0x10 CMakeFiles/project.dir/home/wallidamriou/pico/pico-sdk/src/rp2_common/pico_bit_ops/bit_ops_aeabi.S.obj
                0x0000000020000540                aeabi_bits_funcs